2025-10-22T18:48:10.6307652Z Current runner version: '2.329.0'
2025-10-22T18:48:10.6331919Z ##[group]Runner Image Provisioner
2025-10-22T18:48:10.6332722Z Hosted Compute Agent
2025-10-22T18:48:10.6333275Z Version: 20250912.392
2025-10-22T18:48:10.6333820Z Commit: d921fda672a98b64f4f82364647e2f10b2267d0b
2025-10-22T18:48:10.6334540Z Build Date: 2025-09-12T15:23:14Z
2025-10-22T18:48:10.6335114Z ##[endgroup]
2025-10-22T18:48:10.6335675Z ##[group]Operating System
2025-10-22T18:48:10.6336183Z Ubuntu
2025-10-22T18:48:10.6336758Z 24.04.3
2025-10-22T18:48:10.6337223Z LTS
2025-10-22T18:48:10.6337620Z ##[endgroup]
2025-10-22T18:48:10.6338176Z ##[group]Runner Image
2025-10-22T18:48:10.6339028Z Image: ubuntu-24.04
2025-10-22T18:48:10.6339548Z Version: 20250929.60.1
2025-10-22T18:48:10.6340599Z Included Software: https://github.com/actions/runner-images/blob/ubuntu24/20250929.60/images/ubuntu/Ubuntu2404-Readme.md
2025-10-22T18:48:10.6342126Z Image Release: https://github.com/actions/runner-images/releases/tag/ubuntu24%2F20250929.60
2025-10-22T18:48:10.6343130Z ##[endgroup]
2025-10-22T18:48:10.6344119Z ##[group]GITHUB_TOKEN Permissions
2025-10-22T18:48:10.6346213Z Contents: read
2025-10-22T18:48:10.6346723Z Metadata: read
2025-10-22T18:48:10.6347217Z ##[endgroup]
2025-10-22T18:48:10.6349618Z Secret source: Actions
2025-10-22T18:48:10.6350602Z Prepare workflow directory
2025-10-22T18:48:10.6678976Z Prepare all required actions
2025-10-22T18:48:10.6717743Z Getting action download info
2025-10-22T18:48:11.0174557Z Download action repository 'actions/checkout@v4' (SHA:08eba0b27e820071cde6df949e0beb9ba4906955)
2025-10-22T18:48:11.1980773Z Download action repository 'actions/setup-python@v5' (SHA:a26af69be951a213d495a4c3e4e4022e16d87065)
2025-10-22T18:48:11.3953735Z Complete job name: build-and-test (3.11)
2025-10-22T18:48:11.4628271Z ##[group]Run actions/checkout@v4
2025-10-22T18:48:11.4629288Z with:
2025-10-22T18:48:11.4629688Z   repository: DocCyblade/abssctl
2025-10-22T18:48:11.4630384Z   token: ***
2025-10-22T18:48:11.4630763Z   ssh-strict: true
2025-10-22T18:48:11.4631168Z   ssh-user: git
2025-10-22T18:48:11.4631561Z   persist-credentials: true
2025-10-22T18:48:11.4632002Z   clean: true
2025-10-22T18:48:11.4632406Z   sparse-checkout-cone-mode: true
2025-10-22T18:48:11.4632876Z   fetch-depth: 1
2025-10-22T18:48:11.4633368Z   fetch-tags: false
2025-10-22T18:48:11.4633765Z   show-progress: true
2025-10-22T18:48:11.4634216Z   lfs: false
2025-10-22T18:48:11.4634584Z   submodules: false
2025-10-22T18:48:11.4634980Z   set-safe-directory: true
2025-10-22T18:48:11.4635651Z ##[endgroup]
2025-10-22T18:48:11.5695883Z Syncing repository: DocCyblade/abssctl
2025-10-22T18:48:11.5697784Z ##[group]Getting Git version info
2025-10-22T18:48:11.5698467Z Working directory is '/home/runner/work/abssctl/abssctl'
2025-10-22T18:48:11.5699630Z [command]/usr/bin/git version
2025-10-22T18:48:11.5783102Z git version 2.51.0
2025-10-22T18:48:11.5808432Z ##[endgroup]
2025-10-22T18:48:11.5822241Z Temporarily overriding HOME='/home/runner/work/_temp/f374c83a-9b19-49f7-a610-c22276ec73bb' before making global git config changes
2025-10-22T18:48:11.5823715Z Adding repository directory to the temporary git global config as a safe directory
2025-10-22T18:48:11.5826915Z [command]/usr/bin/git config --global --add safe.directory /home/runner/work/abssctl/abssctl
2025-10-22T18:48:11.5862397Z Deleting the contents of '/home/runner/work/abssctl/abssctl'
2025-10-22T18:48:11.5865784Z ##[group]Initializing the repository
2025-10-22T18:48:11.5869932Z [command]/usr/bin/git init /home/runner/work/abssctl/abssctl
2025-10-22T18:48:11.5980182Z hint: Using 'master' as the name for the initial branch. This default branch name
2025-10-22T18:48:11.5981296Z hint: is subject to change. To configure the initial branch name to use in all
2025-10-22T18:48:11.5982787Z hint: of your new repositories, which will suppress this warning, call:
2025-10-22T18:48:11.5983930Z hint:
2025-10-22T18:48:11.5984848Z hint: 	git config --global init.defaultBranch <name>
2025-10-22T18:48:11.5985749Z hint:
2025-10-22T18:48:11.5986617Z hint: Names commonly chosen instead of 'master' are 'main', 'trunk' and
2025-10-22T18:48:11.5987842Z hint: 'development'. The just-created branch can be renamed via this command:
2025-10-22T18:48:11.5988524Z hint:
2025-10-22T18:48:11.5989164Z hint: 	git branch -m <name>
2025-10-22T18:48:11.5989609Z hint:
2025-10-22T18:48:11.5990171Z hint: Disable this message with "git config set advice.defaultBranchName false"
2025-10-22T18:48:11.5991397Z Initialized empty Git repository in /home/runner/work/abssctl/abssctl/.git/
2025-10-22T18:48:11.5996428Z [command]/usr/bin/git remote add origin https://github.com/DocCyblade/abssctl
2025-10-22T18:48:11.6036246Z ##[endgroup]
2025-10-22T18:48:11.6036955Z ##[group]Disabling automatic garbage collection
2025-10-22T18:48:11.6040656Z [command]/usr/bin/git config --local gc.auto 0
2025-10-22T18:48:11.6072456Z ##[endgroup]
2025-10-22T18:48:11.6073660Z ##[group]Setting up auth
2025-10-22T18:48:11.6079683Z [command]/usr/bin/git config --local --name-only --get-regexp core\.sshCommand
2025-10-22T18:48:11.6112640Z [command]/usr/bin/git submodule foreach --recursive sh -c "git config --local --name-only --get-regexp 'core\.sshCommand' && git config --local --unset-all 'core.sshCommand' || :"
2025-10-22T18:48:11.6454786Z [command]/usr/bin/git config --local --name-only --get-regexp http\.https\:\/\/github\.com\/\.extraheader
2025-10-22T18:48:11.6485947Z [command]/usr/bin/git submodule foreach --recursive sh -c "git config --local --name-only --get-regexp 'http\.https\:\/\/github\.com\/\.extraheader' && git config --local --unset-all 'http.https://github.com/.extraheader' || :"
2025-10-22T18:48:11.6723559Z [command]/usr/bin/git config --local http.https://github.com/.extraheader AUTHORIZATION: basic ***
2025-10-22T18:48:11.6770029Z ##[endgroup]
2025-10-22T18:48:11.6771707Z ##[group]Fetching the repository
2025-10-22T18:48:11.6779478Z [command]/usr/bin/git -c protocol.version=2 fetch --no-tags --prune --no-recurse-submodules --depth=1 origin +e77a778faf25f2849b62095c8f3853b72327f2e6:refs/remotes/origin/main
2025-10-22T18:48:11.9726917Z From https://github.com/DocCyblade/abssctl
2025-10-22T18:48:11.9728170Z  * [new ref]         e77a778faf25f2849b62095c8f3853b72327f2e6 -> origin/main
2025-10-22T18:48:11.9757750Z ##[endgroup]
2025-10-22T18:48:11.9758742Z ##[group]Determining the checkout info
2025-10-22T18:48:11.9761208Z ##[endgroup]
2025-10-22T18:48:11.9766492Z [command]/usr/bin/git sparse-checkout disable
2025-10-22T18:48:11.9807696Z [command]/usr/bin/git config --local --unset-all extensions.worktreeConfig
2025-10-22T18:48:11.9834057Z ##[group]Checking out the ref
2025-10-22T18:48:11.9839003Z [command]/usr/bin/git checkout --progress --force -B main refs/remotes/origin/main
2025-10-22T18:48:11.9941118Z Switched to a new branch 'main'
2025-10-22T18:48:11.9943795Z branch 'main' set up to track 'origin/main'.
2025-10-22T18:48:11.9949733Z ##[endgroup]
2025-10-22T18:48:11.9983724Z [command]/usr/bin/git log -1 --format=%H
2025-10-22T18:48:12.0004989Z e77a778faf25f2849b62095c8f3853b72327f2e6
2025-10-22T18:48:12.0236316Z ##[group]Run actions/setup-python@v5
2025-10-22T18:48:12.0236848Z with:
2025-10-22T18:48:12.0237202Z   python-version: 3.11
2025-10-22T18:48:12.0237596Z   cache: pip
2025-10-22T18:48:12.0237957Z   check-latest: false
2025-10-22T18:48:12.0238485Z   token: ***
2025-10-22T18:48:12.0239164Z   update-environment: true
2025-10-22T18:48:12.0239603Z   allow-prereleases: false
2025-10-22T18:48:12.0240026Z   freethreaded: false
2025-10-22T18:48:12.0240406Z ##[endgroup]
2025-10-22T18:48:12.1901659Z ##[group]Installed versions
2025-10-22T18:48:12.2009795Z Successfully set up CPython (3.11.13)
2025-10-22T18:48:12.2011301Z ##[endgroup]
2025-10-22T18:48:12.2810496Z [command]/opt/hostedtoolcache/Python/3.11.13/x64/bin/pip cache dir
2025-10-22T18:48:13.8906337Z /home/runner/.cache/pip
2025-10-22T18:48:14.0601393Z pip cache is not found
2025-10-22T18:48:14.0726009Z ##[group]Run python -m pip install --upgrade pip
2025-10-22T18:48:14.0726486Z [36;1mpython -m pip install --upgrade pip[0m
2025-10-22T18:48:14.0726836Z [36;1mpython -m pip install .[dev][0m
2025-10-22T18:48:14.0767468Z shell: /usr/bin/bash -e {0}
2025-10-22T18:48:14.0767762Z env:
2025-10-22T18:48:14.0768043Z   pythonLocation: /opt/hostedtoolcache/Python/3.11.13/x64
2025-10-22T18:48:14.0768500Z   PKG_CONFIG_PATH: /opt/hostedtoolcache/Python/3.11.13/x64/lib/pkgconfig
2025-10-22T18:48:14.0769254Z   Python_ROOT_DIR: /opt/hostedtoolcache/Python/3.11.13/x64
2025-10-22T18:48:14.0769665Z   Python2_ROOT_DIR: /opt/hostedtoolcache/Python/3.11.13/x64
2025-10-22T18:48:14.0770065Z   Python3_ROOT_DIR: /opt/hostedtoolcache/Python/3.11.13/x64
2025-10-22T18:48:14.0770446Z   LD_LIBRARY_PATH: /opt/hostedtoolcache/Python/3.11.13/x64/lib
2025-10-22T18:48:14.0770762Z ##[endgroup]
2025-10-22T18:48:15.9551722Z Requirement already satisfied: pip in /opt/hostedtoolcache/Python/3.11.13/x64/lib/python3.11/site-packages (25.2)
2025-10-22T18:48:16.5186791Z Processing /home/runner/work/abssctl/abssctl
2025-10-22T18:48:16.5217393Z   Installing build dependencies: started
2025-10-22T18:48:17.3931464Z   Installing build dependencies: finished with status 'done'
2025-10-22T18:48:17.3936637Z   Getting requirements to build wheel: started
2025-10-22T18:48:17.5313810Z   Getting requirements to build wheel: finished with status 'done'
2025-10-22T18:48:17.5322936Z   Preparing metadata (pyproject.toml): started
2025-10-22T18:48:17.7927821Z   Preparing metadata (pyproject.toml): finished with status 'done'
2025-10-22T18:48:17.8450495Z Collecting jinja2>=3.1 (from abssctl==0.1.5a1)
2025-10-22T18:48:17.9080868Z   Downloading jinja2-3.1.6-py3-none-any.whl.metadata (2.9 kB)
2025-10-22T18:48:17.9536201Z Collecting pyyaml>=6.0 (from abssctl==0.1.5a1)
2025-10-22T18:48:17.9686071Z   Downloading pyyaml-6.0.3-cp311-cp311-manylinux2014_x86_64.manylinux_2_17_x86_64.manylinux_2_28_x86_64.whl.metadata (2.4 kB)
2025-10-22T18:48:18.0141700Z Collecting rich>=13.7 (from abssctl==0.1.5a1)
2025-10-22T18:48:18.0284711Z   Downloading rich-14.2.0-py3-none-any.whl.metadata (18 kB)
2025-10-22T18:48:18.0531048Z Collecting typer>=0.12.3 (from abssctl==0.1.5a1)
2025-10-22T18:48:18.0678175Z   Downloading typer-0.20.0-py3-none-any.whl.metadata (16 kB)
2025-10-22T18:48:18.0886434Z Collecting hatch>=1.14.2 (from abssctl==0.1.5a1)
2025-10-22T18:48:18.1028225Z   Downloading hatch-1.15.1-py3-none-any.whl.metadata (5.6 kB)
2025-10-22T18:48:18.2005898Z Collecting mypy>=1.11 (from abssctl==0.1.5a1)
2025-10-22T18:48:18.2152593Z   Downloading mypy-1.18.2-cp311-cp311-manylinux2014_x86_64.manylinux_2_17_x86_64.manylinux_2_28_x86_64.whl.metadata (2.2 kB)
2025-10-22T18:48:18.2324850Z Collecting pytest-cov>=5.0 (from abssctl==0.1.5a1)
2025-10-22T18:48:18.2477998Z   Downloading pytest_cov-7.0.0-py3-none-any.whl.metadata (31 kB)
2025-10-22T18:48:18.2868780Z Collecting pytest>=8.3 (from abssctl==0.1.5a1)
2025-10-22T18:48:18.3010978Z   Downloading pytest-8.4.2-py3-none-any.whl.metadata (7.7 kB)
2025-10-22T18:48:18.6508782Z Collecting ruff>=0.5.5 (from abssctl==0.1.5a1)
2025-10-22T18:48:18.6656056Z   Downloading ruff-0.14.1-py3-none-manylinux_2_17_x86_64.manylinux2014_x86_64.whl.metadata (25 kB)
2025-10-22T18:48:18.6838840Z Collecting sphinx-autobuild>=2024.4 (from abssctl==0.1.5a1)
2025-10-22T18:48:18.6982213Z   Downloading sphinx_autobuild-2025.8.25-py3-none-any.whl.metadata (8.5 kB)
2025-10-22T18:48:18.7166612Z Collecting sphinx-rtd-theme (from abssctl==0.1.5a1)
2025-10-22T18:48:18.7309008Z   Downloading sphinx_rtd_theme-3.0.2-py2.py3-none-any.whl.metadata (4.4 kB)
2025-10-22T18:48:18.7726148Z Collecting sphinx>=7.4 (from abssctl==0.1.5a1)
2025-10-22T18:48:18.7873252Z   Downloading sphinx-8.2.3-py3-none-any.whl.metadata (7.0 kB)
2025-10-22T18:48:18.8108038Z Collecting types-pyyaml>=6.0.12 (from abssctl==0.1.5a1)
2025-10-22T18:48:18.8251898Z   Downloading types_pyyaml-6.0.12.20250915-py3-none-any.whl.metadata (1.7 kB)
2025-10-22T18:48:18.8429275Z Collecting click>=8.0.6 (from hatch>=1.14.2->abssctl==0.1.5a1)
2025-10-22T18:48:18.8570084Z   Downloading click-8.3.0-py3-none-any.whl.metadata (2.6 kB)
2025-10-22T18:48:18.8751946Z Collecting hatchling>=1.26.3 (from hatch>=1.14.2->abssctl==0.1.5a1)
2025-10-22T18:48:18.8765924Z   Using cached hatchling-1.27.0-py3-none-any.whl.metadata (3.8 kB)
2025-10-22T18:48:18.8988125Z Collecting httpx>=0.22.0 (from hatch>=1.14.2->abssctl==0.1.5a1)
2025-10-22T18:48:18.9130566Z   Downloading httpx-0.28.1-py3-none-any.whl.metadata (7.1 kB)
2025-10-22T18:48:18.9252789Z Collecting hyperlink>=21.0.0 (from hatch>=1.14.2->abssctl==0.1.5a1)
2025-10-22T18:48:18.9395757Z   Downloading hyperlink-21.0.0-py2.py3-none-any.whl.metadata (1.5 kB)
2025-10-22T18:48:18.9709102Z Collecting keyring>=23.5.0 (from hatch>=1.14.2->abssctl==0.1.5a1)
2025-10-22T18:48:18.9850384Z   Downloading keyring-25.6.0-py3-none-any.whl.metadata (20 kB)
2025-10-22T18:48:19.0057116Z Collecting packaging>=23.2 (from hatch>=1.14.2->abssctl==0.1.5a1)
2025-10-22T18:48:19.0070225Z   Using cached packaging-25.0-py3-none-any.whl.metadata (3.3 kB)
2025-10-22T18:48:19.0168881Z Collecting pexpect~=4.8 (from hatch>=1.14.2->abssctl==0.1.5a1)
2025-10-22T18:48:19.0310230Z   Downloading pexpect-4.9.0-py2.py3-none-any.whl.metadata (2.5 kB)
2025-10-22T18:48:19.0489112Z Collecting platformdirs>=2.5.0 (from hatch>=1.14.2->abssctl==0.1.5a1)
2025-10-22T18:48:19.0629959Z   Downloading platformdirs-4.5.0-py3-none-any.whl.metadata (12 kB)
2025-10-22T18:48:19.0868371Z Collecting shellingham>=1.4.0 (from hatch>=1.14.2->abssctl==0.1.5a1)
2025-10-22T18:48:19.1010594Z   Downloading shellingham-1.5.4-py2.py3-none-any.whl.metadata (3.5 kB)
2025-10-22T18:48:19.1127116Z Collecting tomli-w>=1.0 (from hatch>=1.14.2->abssctl==0.1.5a1)
2025-10-22T18:48:19.1269461Z   Downloading tomli_w-1.2.0-py3-none-any.whl.metadata (5.7 kB)
2025-10-22T18:48:19.1461529Z Collecting tomlkit>=0.11.1 (from hatch>=1.14.2->abssctl==0.1.5a1)
2025-10-22T18:48:19.1610086Z   Downloading tomlkit-0.13.3-py3-none-any.whl.metadata (2.8 kB)
2025-10-22T18:48:19.4161074Z Collecting userpath~=1.7 (from hatch>=1.14.2->abssctl==0.1.5a1)
2025-10-22T18:48:19.4304152Z   Downloading userpath-1.9.2-py3-none-any.whl.metadata (3.0 kB)
2025-10-22T18:48:19.6990884Z Collecting uv>=0.5.23 (from hatch>=1.14.2->abssctl==0.1.5a1)
2025-10-22T18:48:19.7139525Z   Downloading uv-0.9.5-py3-none-manylinux_2_17_x86_64.manylinux2014_x86_64.whl.metadata (11 kB)
2025-10-22T18:48:20.0086413Z Collecting virtualenv>=20.26.6 (from hatch>=1.14.2->abssctl==0.1.5a1)
2025-10-22T18:48:20.0231015Z   Downloading virtualenv-20.35.3-py3-none-any.whl.metadata (4.6 kB)
2025-10-22T18:48:20.1009494Z Collecting zstandard<1 (from hatch>=1.14.2->abssctl==0.1.5a1)
2025-10-22T18:48:20.1155141Z   Downloading zstandard-0.25.0-cp311-cp311-manylinux2014_x86_64.manylinux_2_17_x86_64.whl.metadata (3.3 kB)
2025-10-22T18:48:20.1286973Z Collecting ptyprocess>=0.5 (from pexpect~=4.8->hatch>=1.14.2->abssctl==0.1.5a1)
2025-10-22T18:48:20.1428822Z   Downloading ptyprocess-0.7.0-py2.py3-none-any.whl.metadata (1.3 kB)
2025-10-22T18:48:20.1589874Z Collecting pathspec>=0.10.1 (from hatchling>=1.26.3->hatch>=1.14.2->abssctl==0.1.5a1)
2025-10-22T18:48:20.1603012Z   Using cached pathspec-0.12.1-py3-none-any.whl.metadata (21 kB)
2025-10-22T18:48:20.1725057Z Collecting pluggy>=1.0.0 (from hatchling>=1.26.3->hatch>=1.14.2->abssctl==0.1.5a1)
2025-10-22T18:48:20.1738864Z   Using cached pluggy-1.6.0-py3-none-any.whl.metadata (4.8 kB)
2025-10-22T18:48:20.1990207Z Collecting trove-classifiers (from hatchling>=1.26.3->hatch>=1.14.2->abssctl==0.1.5a1)
2025-10-22T18:48:20.2003235Z   Using cached trove_classifiers-2025.9.11.17-py3-none-any.whl.metadata (2.4 kB)
2025-10-22T18:48:20.2172627Z Collecting anyio (from httpx>=0.22.0->hatch>=1.14.2->abssctl==0.1.5a1)
2025-10-22T18:48:20.2314400Z   Downloading anyio-4.11.0-py3-none-any.whl.metadata (4.1 kB)
2025-10-22T18:48:20.2514360Z Collecting certifi (from httpx>=0.22.0->hatch>=1.14.2->abssctl==0.1.5a1)
2025-10-22T18:48:20.2658404Z   Downloading certifi-2025.10.5-py3-none-any.whl.metadata (2.5 kB)
2025-10-22T18:48:20.2850730Z Collecting httpcore==1.* (from httpx>=0.22.0->hatch>=1.14.2->abssctl==0.1.5a1)
2025-10-22T18:48:20.2992006Z   Downloading httpcore-1.0.9-py3-none-any.whl.metadata (21 kB)
2025-10-22T18:48:20.3155186Z Collecting idna (from httpx>=0.22.0->hatch>=1.14.2->abssctl==0.1.5a1)
2025-10-22T18:48:20.3299086Z   Downloading idna-3.11-py3-none-any.whl.metadata (8.4 kB)
2025-10-22T18:48:20.3425628Z Collecting h11>=0.16 (from httpcore==1.*->httpx>=0.22.0->hatch>=1.14.2->abssctl==0.1.5a1)
2025-10-22T18:48:20.3566669Z   Downloading h11-0.16.0-py3-none-any.whl.metadata (8.3 kB)
2025-10-22T18:48:20.4136509Z Collecting MarkupSafe>=2.0 (from jinja2>=3.1->abssctl==0.1.5a1)
2025-10-22T18:48:20.4284981Z   Downloading markupsafe-3.0.3-cp311-cp311-manylinux2014_x86_64.manylinux_2_17_x86_64.manylinux_2_28_x86_64.whl.metadata (2.7 kB)
2025-10-22T18:48:20.4414139Z Collecting SecretStorage>=3.2 (from keyring>=23.5.0->hatch>=1.14.2->abssctl==0.1.5a1)
2025-10-22T18:48:20.4555424Z   Downloading secretstorage-3.4.0-py3-none-any.whl.metadata (3.9 kB)
2025-10-22T18:48:20.4675349Z Collecting jeepney>=0.4.2 (from keyring>=23.5.0->hatch>=1.14.2->abssctl==0.1.5a1)
2025-10-22T18:48:20.4817186Z   Downloading jeepney-0.9.0-py3-none-any.whl.metadata (1.2 kB)
2025-10-22T18:48:20.5109598Z Collecting importlib_metadata>=4.11.4 (from keyring>=23.5.0->hatch>=1.14.2->abssctl==0.1.5a1)
2025-10-22T18:48:20.5251551Z   Downloading importlib_metadata-8.7.0-py3-none-any.whl.metadata (4.8 kB)
2025-10-22T18:48:20.5388774Z Collecting jaraco.classes (from keyring>=23.5.0->hatch>=1.14.2->abssctl==0.1.5a1)
2025-10-22T18:48:20.5537384Z   Downloading jaraco.classes-3.4.0-py3-none-any.whl.metadata (2.6 kB)
2025-10-22T18:48:20.5712103Z Collecting jaraco.functools (from keyring>=23.5.0->hatch>=1.14.2->abssctl==0.1.5a1)
2025-10-22T18:48:20.5854533Z   Downloading jaraco_functools-4.3.0-py3-none-any.whl.metadata (2.9 kB)
2025-10-22T18:48:20.5983719Z Collecting jaraco.context (from keyring>=23.5.0->hatch>=1.14.2->abssctl==0.1.5a1)
2025-10-22T18:48:20.6127138Z   Downloading jaraco.context-6.0.1-py3-none-any.whl.metadata (4.1 kB)
2025-10-22T18:48:20.6334129Z Collecting zipp>=3.20 (from importlib_metadata>=4.11.4->keyring>=23.5.0->hatch>=1.14.2->abssctl==0.1.5a1)
2025-10-22T18:48:20.6484264Z   Downloading zipp-3.23.0-py3-none-any.whl.metadata (3.6 kB)
2025-10-22T18:48:20.6709502Z Collecting typing_extensions>=4.6.0 (from mypy>=1.11->abssctl==0.1.5a1)
2025-10-22T18:48:20.6854935Z   Downloading typing_extensions-4.15.0-py3-none-any.whl.metadata (3.3 kB)
2025-10-22T18:48:20.6956351Z Collecting mypy_extensions>=1.0.0 (from mypy>=1.11->abssctl==0.1.5a1)
2025-10-22T18:48:20.7099037Z   Downloading mypy_extensions-1.1.0-py3-none-any.whl.metadata (1.1 kB)
2025-10-22T18:48:20.7294472Z Collecting iniconfig>=1 (from pytest>=8.3->abssctl==0.1.5a1)
2025-10-22T18:48:20.7436587Z   Downloading iniconfig-2.3.0-py3-none-any.whl.metadata (2.5 kB)
2025-10-22T18:48:20.7676391Z Collecting pygments>=2.7.2 (from pytest>=8.3->abssctl==0.1.5a1)
2025-10-22T18:48:20.7820054Z   Downloading pygments-2.19.2-py3-none-any.whl.metadata (2.5 kB)
2025-10-22T18:48:21.1315741Z Collecting coverage>=7.10.6 (from coverage[toml]>=7.10.6->pytest-cov>=5.0->abssctl==0.1.5a1)
2025-10-22T18:48:21.1467450Z   Downloading coverage-7.11.0-cp311-cp311-manylinux1_x86_64.manylinux_2_28_x86_64.manylinux_2_5_x86_64.whl.metadata (9.0 kB)
2025-10-22T18:48:21.1770506Z Collecting markdown-it-py>=2.2.0 (from rich>=13.7->abssctl==0.1.5a1)
2025-10-22T18:48:21.1914258Z   Downloading markdown_it_py-4.0.0-py3-none-any.whl.metadata (7.3 kB)
2025-10-22T18:48:21.2099858Z Collecting mdurl~=0.1 (from markdown-it-py>=2.2.0->rich>=13.7->abssctl==0.1.5a1)
2025-10-22T18:48:21.2246350Z   Downloading mdurl-0.1.2-py3-none-any.whl.metadata (1.6 kB)
2025-10-22T18:48:21.4045518Z Collecting cryptography>=2.0 (from SecretStorage>=3.2->keyring>=23.5.0->hatch>=1.14.2->abssctl==0.1.5a1)
2025-10-22T18:48:21.4190688Z   Downloading cryptography-46.0.3-cp311-abi3-manylinux_2_34_x86_64.whl.metadata (5.7 kB)
2025-10-22T18:48:21.5785684Z Collecting cffi>=2.0.0 (from cryptography>=2.0->SecretStorage>=3.2->keyring>=23.5.0->hatch>=1.14.2->abssctl==0.1.5a1)
2025-10-22T18:48:21.5930136Z   Downloading cffi-2.0.0-cp311-cp311-manylinux2014_x86_64.manylinux_2_17_x86_64.whl.metadata (2.6 kB)
2025-10-22T18:48:21.6057754Z Collecting pycparser (from cffi>=2.0.0->cryptography>=2.0->SecretStorage>=3.2->keyring>=23.5.0->hatch>=1.14.2->abssctl==0.1.5a1)
2025-10-22T18:48:21.6203959Z   Downloading pycparser-2.23-py3-none-any.whl.metadata (993 bytes)
2025-10-22T18:48:21.6364098Z Collecting sphinxcontrib-applehelp>=1.0.7 (from sphinx>=7.4->abssctl==0.1.5a1)
2025-10-22T18:48:21.6506353Z   Downloading sphinxcontrib_applehelp-2.0.0-py3-none-any.whl.metadata (2.3 kB)
2025-10-22T18:48:21.6608752Z Collecting sphinxcontrib-devhelp>=1.0.6 (from sphinx>=7.4->abssctl==0.1.5a1)
2025-10-22T18:48:21.6751190Z   Downloading sphinxcontrib_devhelp-2.0.0-py3-none-any.whl.metadata (2.3 kB)
2025-10-22T18:48:21.6871408Z Collecting sphinxcontrib-htmlhelp>=2.0.6 (from sphinx>=7.4->abssctl==0.1.5a1)
2025-10-22T18:48:21.7020606Z   Downloading sphinxcontrib_htmlhelp-2.1.0-py3-none-any.whl.metadata (2.3 kB)
2025-10-22T18:48:21.7179982Z Collecting sphinxcontrib-jsmath>=1.0.1 (from sphinx>=7.4->abssctl==0.1.5a1)
2025-10-22T18:48:21.7327718Z   Downloading sphinxcontrib_jsmath-1.0.1-py2.py3-none-any.whl.metadata (1.4 kB)
2025-10-22T18:48:21.7518826Z Collecting sphinxcontrib-qthelp>=1.0.6 (from sphinx>=7.4->abssctl==0.1.5a1)
2025-10-22T18:48:21.7596002Z   Downloading sphinxcontrib_qthelp-2.0.0-py3-none-any.whl.metadata (2.3 kB)
2025-10-22T18:48:21.7717277Z Collecting sphinxcontrib-serializinghtml>=1.1.9 (from sphinx>=7.4->abssctl==0.1.5a1)
2025-10-22T18:48:21.7858202Z   Downloading sphinxcontrib_serializinghtml-2.0.0-py3-none-any.whl.metadata (2.4 kB)
2025-10-22T18:48:21.8064464Z Collecting docutils<0.22,>=0.20 (from sphinx>=7.4->abssctl==0.1.5a1)
2025-10-22T18:48:21.8206155Z   Downloading docutils-0.21.2-py3-none-any.whl.metadata (2.8 kB)
2025-10-22T18:48:21.8309502Z Collecting snowballstemmer>=2.2 (from sphinx>=7.4->abssctl==0.1.5a1)
2025-10-22T18:48:21.8451144Z   Downloading snowballstemmer-3.0.1-py3-none-any.whl.metadata (7.9 kB)
2025-10-22T18:48:21.8599606Z Collecting babel>=2.13 (from sphinx>=7.4->abssctl==0.1.5a1)
2025-10-22T18:48:21.8739457Z   Downloading babel-2.17.0-py3-none-any.whl.metadata (2.0 kB)
2025-10-22T18:48:21.8886442Z Collecting alabaster>=0.7.14 (from sphinx>=7.4->abssctl==0.1.5a1)
2025-10-22T18:48:21.9034831Z   Downloading alabaster-1.0.0-py3-none-any.whl.metadata (2.8 kB)
2025-10-22T18:48:21.9142674Z Collecting imagesize>=1.3 (from sphinx>=7.4->abssctl==0.1.5a1)
2025-10-22T18:48:21.9284506Z   Downloading imagesize-1.4.1-py2.py3-none-any.whl.metadata (1.5 kB)
2025-10-22T18:48:21.9529707Z Collecting requests>=2.30.0 (from sphinx>=7.4->abssctl==0.1.5a1)
2025-10-22T18:48:21.9671852Z   Downloading requests-2.32.5-py3-none-any.whl.metadata (4.9 kB)
2025-10-22T18:48:21.9795312Z Collecting roman-numerals-py>=1.0.0 (from sphinx>=7.4->abssctl==0.1.5a1)
2025-10-22T18:48:21.9935940Z   Downloading roman_numerals_py-3.1.0-py3-none-any.whl.metadata (3.6 kB)
2025-10-22T18:48:22.0859401Z Collecting charset_normalizer<4,>=2 (from requests>=2.30.0->sphinx>=7.4->abssctl==0.1.5a1)
2025-10-22T18:48:22.1007586Z   Downloading charset_normalizer-3.4.4-cp311-cp311-manylinux2014_x86_64.manylinux_2_17_x86_64.manylinux_2_28_x86_64.whl.metadata (37 kB)
2025-10-22T18:48:22.1340502Z Collecting urllib3<3,>=1.21.1 (from requests>=2.30.0->sphinx>=7.4->abssctl==0.1.5a1)
2025-10-22T18:48:22.1487058Z   Downloading urllib3-2.5.0-py3-none-any.whl.metadata (6.5 kB)
2025-10-22T18:48:22.1802182Z Collecting colorama>=0.4.6 (from sphinx-autobuild>=2024.4->abssctl==0.1.5a1)
2025-10-22T18:48:22.1954480Z   Downloading colorama-0.4.6-py2.py3-none-any.whl.metadata (17 kB)
2025-10-22T18:48:22.2233341Z Collecting starlette>=0.35 (from sphinx-autobuild>=2024.4->abssctl==0.1.5a1)
2025-10-22T18:48:22.2375498Z   Downloading starlette-0.48.0-py3-none-any.whl.metadata (6.3 kB)
2025-10-22T18:48:22.2648123Z Collecting uvicorn>=0.25 (from sphinx-autobuild>=2024.4->abssctl==0.1.5a1)
2025-10-22T18:48:22.2790171Z   Downloading uvicorn-0.38.0-py3-none-any.whl.metadata (6.8 kB)
2025-10-22T18:48:22.3517503Z Collecting watchfiles>=0.20 (from sphinx-autobuild>=2024.4->abssctl==0.1.5a1)
2025-10-22T18:48:22.3660626Z   Downloading watchfiles-1.1.1-cp311-cp311-manylinux_2_17_x86_64.manylinux2014_x86_64.whl.metadata (4.9 kB)
2025-10-22T18:48:22.4557324Z Collecting websockets>=11 (from sphinx-autobuild>=2024.4->abssctl==0.1.5a1)
2025-10-22T18:48:22.4702272Z   Downloading websockets-15.0.1-cp311-cp311-manylinux_2_5_x86_64.manylinux1_x86_64.manylinux_2_17_x86_64.manylinux2014_x86_64.whl.metadata (6.8 kB)
2025-10-22T18:48:22.5104796Z Collecting sniffio>=1.1 (from anyio->httpx>=0.22.0->hatch>=1.14.2->abssctl==0.1.5a1)
2025-10-22T18:48:22.5248056Z   Downloading sniffio-1.3.1-py3-none-any.whl.metadata (3.9 kB)
2025-10-22T18:48:22.5846836Z Collecting distlib<1,>=0.3.7 (from virtualenv>=20.26.6->hatch>=1.14.2->abssctl==0.1.5a1)
2025-10-22T18:48:22.5988325Z   Downloading distlib-0.4.0-py2.py3-none-any.whl.metadata (5.2 kB)
2025-10-22T18:48:22.6197542Z Collecting filelock<4,>=3.12.2 (from virtualenv>=20.26.6->hatch>=1.14.2->abssctl==0.1.5a1)
2025-10-22T18:48:22.6353033Z   Downloading filelock-3.20.0-py3-none-any.whl.metadata (2.1 kB)
2025-10-22T18:48:22.6782729Z Collecting more-itertools (from jaraco.classes->keyring>=23.5.0->hatch>=1.14.2->abssctl==0.1.5a1)
2025-10-22T18:48:22.6924775Z   Downloading more_itertools-10.8.0-py3-none-any.whl.metadata (39 kB)
2025-10-22T18:48:22.7069624Z Collecting backports.tarfile (from jaraco.context->keyring>=23.5.0->hatch>=1.14.2->abssctl==0.1.5a1)
2025-10-22T18:48:22.7210752Z   Downloading backports.tarfile-1.2.0-py3-none-any.whl.metadata (2.0 kB)
2025-10-22T18:48:22.7570029Z Collecting sphinxcontrib-jquery<5,>=4 (from sphinx-rtd-theme->abssctl==0.1.5a1)
2025-10-22T18:48:22.7711633Z   Downloading sphinxcontrib_jquery-4.1-py2.py3-none-any.whl.metadata (2.6 kB)
2025-10-22T18:48:22.8056518Z Downloading hatch-1.15.1-py3-none-any.whl (126 kB)
2025-10-22T18:48:22.8344679Z Downloading pexpect-4.9.0-py2.py3-none-any.whl (63 kB)
2025-10-22T18:48:22.8511218Z Downloading userpath-1.9.2-py3-none-any.whl (9.1 kB)
2025-10-22T18:48:22.8674380Z Downloading zstandard-0.25.0-cp311-cp311-manylinux2014_x86_64.manylinux_2_17_x86_64.whl (5.6 MB)
2025-10-22T18:48:22.9333329Z    â”â”â”â”â”â”â”â”â”â”â”â”â”â”â”â”â”â”â”â”â”â”â”â”â”â”â”â”â”â”â”â”â”â”â”â”â”â”â”â” 5.6/5.6 MB 101.0 MB/s  0:00:00
2025-10-22T18:48:22.9485954Z Downloading click-8.3.0-py3-none-any.whl (107 kB)
2025-10-22T18:48:22.9524107Z Using cached hatchling-1.27.0-py3-none-any.whl (75 kB)
2025-10-22T18:48:22.9677514Z Downloading httpx-0.28.1-py3-none-any.whl (73 kB)
2025-10-22T18:48:22.9843360Z Downloading httpcore-1.0.9-py3-none-any.whl (78 kB)
2025-10-22T18:48:23.0007917Z Downloading h11-0.16.0-py3-none-any.whl (37 kB)
2025-10-22T18:48:23.0173379Z Downloading hyperlink-21.0.0-py2.py3-none-any.whl (74 kB)
2025-10-22T18:48:23.0336545Z Downloading idna-3.11-py3-none-any.whl (71 kB)
2025-10-22T18:48:23.0501214Z Downloading jinja2-3.1.6-py3-none-any.whl (134 kB)
2025-10-22T18:48:23.0666834Z Downloading keyring-25.6.0-py3-none-any.whl (39 kB)
2025-10-22T18:48:23.0831278Z Downloading importlib_metadata-8.7.0-py3-none-any.whl (27 kB)
2025-10-22T18:48:23.0995318Z Downloading jeepney-0.9.0-py3-none-any.whl (49 kB)
2025-10-22T18:48:23.1162037Z Downloading markupsafe-3.0.3-cp311-cp311-manylinux2014_x86_64.manylinux_2_17_x86_64.manylinux_2_28_x86_64.whl (22 kB)
2025-10-22T18:48:23.1328411Z Downloading mypy-1.18.2-cp311-cp311-manylinux2014_x86_64.manylinux_2_17_x86_64.manylinux_2_28_x86_64.whl (13.2 MB)
2025-10-22T18:48:23.2014885Z    â”â”â”â”â”â”â”â”â”â”â”â”â”â”â”â”â”â”â”â”â”â”â”â”â”â”â”â”â”â”â”â”â”â”â”â”â”â”â”â” 13.2/13.2 MB 196.6 MB/s  0:00:00
2025-10-22T18:48:23.2161168Z Downloading mypy_extensions-1.1.0-py3-none-any.whl (5.0 kB)
2025-10-22T18:48:23.2194954Z Using cached packaging-25.0-py3-none-any.whl (66 kB)
2025-10-22T18:48:23.2208323Z Using cached pathspec-0.12.1-py3-none-any.whl (31 kB)
2025-10-22T18:48:23.2349862Z Downloading platformdirs-4.5.0-py3-none-any.whl (18 kB)
2025-10-22T18:48:23.2383553Z Using cached pluggy-1.6.0-py3-none-any.whl (20 kB)
2025-10-22T18:48:23.2525458Z Downloading ptyprocess-0.7.0-py2.py3-none-any.whl (13 kB)
2025-10-22T18:48:23.2689817Z Downloading pytest-8.4.2-py3-none-any.whl (365 kB)
2025-10-22T18:48:23.2862897Z Downloading iniconfig-2.3.0-py3-none-any.whl (7.5 kB)
2025-10-22T18:48:23.3022834Z Downloading pygments-2.19.2-py3-none-any.whl (1.2 MB)
2025-10-22T18:48:23.3106049Z    â”â”â”â”â”â”â”â”â”â”â”â”â”â”â”â”â”â”â”â”â”â”â”â”â”â”â”â”â”â”â”â”â”â”â”â”â”â”â”â” 1.2/1.2 MB 165.5 MB/s  0:00:00
2025-10-22T18:48:23.3246312Z Downloading pytest_cov-7.0.0-py3-none-any.whl (22 kB)
2025-10-22T18:48:23.3406540Z Downloading coverage-7.11.0-cp311-cp311-manylinux1_x86_64.manylinux_2_28_x86_64.manylinux_2_5_x86_64.whl (248 kB)
2025-10-22T18:48:23.3576458Z Downloading pyyaml-6.0.3-cp311-cp311-manylinux2014_x86_64.manylinux_2_17_x86_64.manylinux_2_28_x86_64.whl (806 kB)
2025-10-22T18:48:23.3644781Z    â”â”â”â”â”â”â”â”â”â”â”â”â”â”â”â”â”â”â”â”â”â”â”â”â”â”â”â”â”â”â”â”â”â”â”â”â”â”â”â” 806.6/806.6 kB 127.3 MB/s  0:00:00
2025-10-22T18:48:23.3786481Z Downloading rich-14.2.0-py3-none-any.whl (243 kB)
2025-10-22T18:48:23.3958091Z Downloading markdown_it_py-4.0.0-py3-none-any.whl (87 kB)
2025-10-22T18:48:23.4124713Z Downloading mdurl-0.1.2-py3-none-any.whl (10.0 kB)
2025-10-22T18:48:23.4286892Z Downloading ruff-0.14.1-py3-none-manylinux_2_17_x86_64.manylinux2014_x86_64.whl (13.1 MB)
2025-10-22T18:48:23.4932245Z    â”â”â”â”â”â”â”â”â”â”â”â”â”â”â”â”â”â”â”â”â”â”â”â”â”â”â”â”â”â”â”â”â”â”â”â”â”â”â”â” 13.1/13.1 MB 207.8 MB/s  0:00:00
2025-10-22T18:48:23.5077256Z Downloading secretstorage-3.4.0-py3-none-any.whl (15 kB)
2025-10-22T18:48:23.5241498Z Downloading cryptography-46.0.3-cp311-abi3-manylinux_2_34_x86_64.whl (4.5 MB)
2025-10-22T18:48:23.5489314Z    â”â”â”â”â”â”â”â”â”â”â”â”â”â”â”â”â”â”â”â”â”â”â”â”â”â”â”â”â”â”â”â”â”â”â”â”â”â”â”â” 4.5/4.5 MB 187.6 MB/s  0:00:00
2025-10-22T18:48:23.5634586Z Downloading cffi-2.0.0-cp311-cp311-manylinux2014_x86_64.manylinux_2_17_x86_64.whl (215 kB)
2025-10-22T18:48:23.5804798Z Downloading shellingham-1.5.4-py2.py3-none-any.whl (9.8 kB)
2025-10-22T18:48:23.5963970Z Downloading sphinx-8.2.3-py3-none-any.whl (3.6 MB)
2025-10-22T18:48:23.6126851Z    â”â”â”â”â”â”â”â”â”â”â”â”â”â”â”â”â”â”â”â”â”â”â”â”â”â”â”â”â”â”â”â”â”â”â”â”â”â”â”â” 3.6/3.6 MB 235.2 MB/s  0:00:00
2025-10-22T18:48:23.6269792Z Downloading docutils-0.21.2-py3-none-any.whl (587 kB)
2025-10-22T18:48:23.6328796Z    â”â”â”â”â”â”â”â”â”â”â”â”â”â”â”â”â”â”â”â”â”â”â”â”â”â”â”â”â”â”â”â”â”â”â”â”â”â”â”â” 587.4/587.4 kB 86.8 MB/s  0:00:00
2025-10-22T18:48:23.6469227Z Downloading alabaster-1.0.0-py3-none-any.whl (13 kB)
2025-10-22T18:48:23.6630435Z Downloading babel-2.17.0-py3-none-any.whl (10.2 MB)
2025-10-22T18:48:23.7247353Z    â”â”â”â”â”â”â”â”â”â”â”â”â”â”â”â”â”â”â”â”â”â”â”â”â”â”â”â”â”â”â”â”â”â”â”â”â”â”â”â” 10.2/10.2 MB 168.1 MB/s  0:00:00
2025-10-22T18:48:23.7394998Z Downloading imagesize-1.4.1-py2.py3-none-any.whl (8.8 kB)
2025-10-22T18:48:23.7586864Z Downloading requests-2.32.5-py3-none-any.whl (64 kB)
2025-10-22T18:48:23.7750475Z Downloading charset_normalizer-3.4.4-cp311-cp311-manylinux2014_x86_64.manylinux_2_17_x86_64.manylinux_2_28_x86_64.whl (151 kB)
2025-10-22T18:48:23.7915654Z Downloading urllib3-2.5.0-py3-none-any.whl (129 kB)
2025-10-22T18:48:23.8080449Z Downloading certifi-2025.10.5-py3-none-any.whl (163 kB)
2025-10-22T18:48:23.8247986Z Downloading roman_numerals_py-3.1.0-py3-none-any.whl (7.7 kB)
2025-10-22T18:48:23.8411488Z Downloading snowballstemmer-3.0.1-py3-none-any.whl (103 kB)
2025-10-22T18:48:23.8578478Z Downloading sphinx_autobuild-2025.8.25-py3-none-any.whl (12 kB)
2025-10-22T18:48:23.8739298Z Downloading colorama-0.4.6-py2.py3-none-any.whl (25 kB)
2025-10-22T18:48:23.8904978Z Downloading sphinxcontrib_applehelp-2.0.0-py3-none-any.whl (119 kB)
2025-10-22T18:48:23.9079184Z Downloading sphinxcontrib_devhelp-2.0.0-py3-none-any.whl (82 kB)
2025-10-22T18:48:23.9241488Z Downloading sphinxcontrib_htmlhelp-2.1.0-py3-none-any.whl (98 kB)
2025-10-22T18:48:23.9404634Z Downloading sphinxcontrib_jsmath-1.0.1-py2.py3-none-any.whl (5.1 kB)
2025-10-22T18:48:23.9564823Z Downloading sphinxcontrib_qthelp-2.0.0-py3-none-any.whl (88 kB)
2025-10-22T18:48:23.9742824Z Downloading sphinxcontrib_serializinghtml-2.0.0-py3-none-any.whl (92 kB)
2025-10-22T18:48:23.9906515Z Downloading starlette-0.48.0-py3-none-any.whl (73 kB)
2025-10-22T18:48:24.0069741Z Downloading anyio-4.11.0-py3-none-any.whl (109 kB)
2025-10-22T18:48:24.0232769Z Downloading sniffio-1.3.1-py3-none-any.whl (10 kB)
2025-10-22T18:48:24.0395541Z Downloading tomli_w-1.2.0-py3-none-any.whl (6.7 kB)
2025-10-22T18:48:24.0559346Z Downloading tomlkit-0.13.3-py3-none-any.whl (38 kB)
2025-10-22T18:48:24.0723372Z Downloading typer-0.20.0-py3-none-any.whl (47 kB)
2025-10-22T18:48:24.0890713Z Downloading types_pyyaml-6.0.12.20250915-py3-none-any.whl (20 kB)
2025-10-22T18:48:24.1053417Z Downloading typing_extensions-4.15.0-py3-none-any.whl (44 kB)
2025-10-22T18:48:24.1219564Z Downloading uv-0.9.5-py3-none-manylinux_2_17_x86_64.manylinux2014_x86_64.whl (21.3 MB)
2025-10-22T18:48:24.2172590Z    â”â”â”â”â”â”â”â”â”â”â”â”â”â”â”â”â”â”â”â”â”â”â”â”â”â”â”â”â”â”â”â”â”â”â”â”â”â”â”â” 21.3/21.3 MB 227.3 MB/s  0:00:00
2025-10-22T18:48:24.2319038Z Downloading uvicorn-0.38.0-py3-none-any.whl (68 kB)
2025-10-22T18:48:24.2485828Z Downloading virtualenv-20.35.3-py3-none-any.whl (6.0 MB)
2025-10-22T18:48:24.2784982Z    â”â”â”â”â”â”â”â”â”â”â”â”â”â”â”â”â”â”â”â”â”â”â”â”â”â”â”â”â”â”â”â”â”â”â”â”â”â”â”â” 6.0/6.0 MB 206.6 MB/s  0:00:00
2025-10-22T18:48:24.2930460Z Downloading distlib-0.4.0-py2.py3-none-any.whl (469 kB)
2025-10-22T18:48:24.3107327Z Downloading filelock-3.20.0-py3-none-any.whl (16 kB)
2025-10-22T18:48:24.3273086Z Downloading watchfiles-1.1.1-cp311-cp311-manylinux_2_17_x86_64.manylinux2014_x86_64.whl (456 kB)
2025-10-22T18:48:24.3454225Z Downloading websockets-15.0.1-cp311-cp311-manylinux_2_5_x86_64.manylinux1_x86_64.manylinux_2_17_x86_64.manylinux2014_x86_64.whl (182 kB)
2025-10-22T18:48:24.3622414Z Downloading zipp-3.23.0-py3-none-any.whl (10 kB)
2025-10-22T18:48:24.3783615Z Downloading jaraco.classes-3.4.0-py3-none-any.whl (6.8 kB)
2025-10-22T18:48:24.3947074Z Downloading jaraco.context-6.0.1-py3-none-any.whl (6.8 kB)
2025-10-22T18:48:24.4106471Z Downloading backports.tarfile-1.2.0-py3-none-any.whl (30 kB)
2025-10-22T18:48:24.4268191Z Downloading jaraco_functools-4.3.0-py3-none-any.whl (10 kB)
2025-10-22T18:48:24.4429092Z Downloading more_itertools-10.8.0-py3-none-any.whl (69 kB)
2025-10-22T18:48:24.4595489Z Downloading pycparser-2.23-py3-none-any.whl (118 kB)
2025-10-22T18:48:24.4765411Z Downloading sphinx_rtd_theme-3.0.2-py2.py3-none-any.whl (7.7 MB)
2025-10-22T18:48:24.5140078Z    â”â”â”â”â”â”â”â”â”â”â”â”â”â”â”â”â”â”â”â”â”â”â”â”â”â”â”â”â”â”â”â”â”â”â”â”â”â”â”â” 7.7/7.7 MB 210.6 MB/s  0:00:00
2025-10-22T18:48:24.5285222Z Downloading sphinxcontrib_jquery-4.1-py2.py3-none-any.whl (121 kB)
2025-10-22T18:48:24.5324943Z Using cached trove_classifiers-2025.9.11.17-py3-none-any.whl (14 kB)
2025-10-22T18:48:24.6614121Z Building wheels for collected packages: abssctl
2025-10-22T18:48:24.6623141Z   Building wheel for abssctl (pyproject.toml): started
2025-10-22T18:48:24.6911615Z   Building wheel for abssctl (pyproject.toml): finished with status 'done'
2025-10-22T18:48:24.6918104Z   Created wheel for abssctl: filename=abssctl-0.1.5a1-py3-none-any.whl size=69660 sha256=a2ae0a9744c11c354a089c2692880e8985db2281e42a83b5fcad902c14282633
2025-10-22T18:48:24.6920848Z   Stored in directory: /tmp/pip-ephem-wheel-cache-mwk9aa3z/wheels/61/5a/d6/a1a61e7b364c47522c6b4f6f3494e1d13e4ccff218c9a7da84
2025-10-22T18:48:24.6942391Z Successfully built abssctl
2025-10-22T18:48:24.8052323Z Installing collected packages: trove-classifiers, ptyprocess, distlib, zstandard, zipp, websockets, uv, urllib3, typing_extensions, types-pyyaml, tomlkit, tomli-w, sphinxcontrib-serializinghtml, sphinxcontrib-qthelp, sphinxcontrib-jsmath, sphinxcontrib-htmlhelp, sphinxcontrib-devhelp, sphinxcontrib-applehelp, snowballstemmer, sniffio, shellingham, ruff, roman-numerals-py, pyyaml, pygments, pycparser, pluggy, platformdirs, pexpect, pathspec, packaging, mypy_extensions, more-itertools, mdurl, MarkupSafe, jeepney, iniconfig, imagesize, idna, h11, filelock, docutils, coverage, colorama, click, charset_normalizer, certifi, backports.tarfile, babel, alabaster, virtualenv, uvicorn, userpath, requests, pytest, mypy, markdown-it-py, jinja2, jaraco.functools, jaraco.context, jaraco.classes, importlib_metadata, hyperlink, httpcore, hatchling, cffi, anyio, watchfiles, starlette, sphinx, rich, pytest-cov, httpx, cryptography, typer, sphinxcontrib-jquery, sphinx-autobuild, SecretStorage, sphinx-rtd-theme, keyring, abssctl, hatch
2025-10-22T18:48:31.4083816Z 
2025-10-22T18:48:31.4129651Z Successfully installed MarkupSafe-3.0.3 SecretStorage-3.4.0 abssctl-0.1.5a1 alabaster-1.0.0 anyio-4.11.0 babel-2.17.0 backports.tarfile-1.2.0 certifi-2025.10.5 cffi-2.0.0 charset_normalizer-3.4.4 click-8.3.0 colorama-0.4.6 coverage-7.11.0 cryptography-46.0.3 distlib-0.4.0 docutils-0.21.2 filelock-3.20.0 h11-0.16.0 hatch-1.15.1 hatchling-1.27.0 httpcore-1.0.9 httpx-0.28.1 hyperlink-21.0.0 idna-3.11 imagesize-1.4.1 importlib_metadata-8.7.0 iniconfig-2.3.0 jaraco.classes-3.4.0 jaraco.context-6.0.1 jaraco.functools-4.3.0 jeepney-0.9.0 jinja2-3.1.6 keyring-25.6.0 markdown-it-py-4.0.0 mdurl-0.1.2 more-itertools-10.8.0 mypy-1.18.2 mypy_extensions-1.1.0 packaging-25.0 pathspec-0.12.1 pexpect-4.9.0 platformdirs-4.5.0 pluggy-1.6.0 ptyprocess-0.7.0 pycparser-2.23 pygments-2.19.2 pytest-8.4.2 pytest-cov-7.0.0 pyyaml-6.0.3 requests-2.32.5 rich-14.2.0 roman-numerals-py-3.1.0 ruff-0.14.1 shellingham-1.5.4 sniffio-1.3.1 snowballstemmer-3.0.1 sphinx-8.2.3 sphinx-autobuild-2025.8.25 sphinx-rtd-theme-3.0.2 sphinxcontrib-applehelp-2.0.0 sphinxcontrib-devhelp-2.0.0 sphinxcontrib-htmlhelp-2.1.0 sphinxcontrib-jquery-4.1 sphinxcontrib-jsmath-1.0.1 sphinxcontrib-qthelp-2.0.0 sphinxcontrib-serializinghtml-2.0.0 starlette-0.48.0 tomli-w-1.2.0 tomlkit-0.13.3 trove-classifiers-2025.9.11.17 typer-0.20.0 types-pyyaml-6.0.12.20250915 typing_extensions-4.15.0 urllib3-2.5.0 userpath-1.9.2 uv-0.9.5 uvicorn-0.38.0 virtualenv-20.35.3 watchfiles-1.1.1 websockets-15.0.1 zipp-3.23.0 zstandard-0.25.0
2025-10-22T18:48:31.7687575Z ##[group]Run ruff check src tests
2025-10-22T18:48:31.7687867Z [36;1mruff check src tests[0m
2025-10-22T18:48:31.7722632Z shell: /usr/bin/bash -e {0}
2025-10-22T18:48:31.7722850Z env:
2025-10-22T18:48:31.7723098Z   pythonLocation: /opt/hostedtoolcache/Python/3.11.13/x64
2025-10-22T18:48:31.7723512Z   PKG_CONFIG_PATH: /opt/hostedtoolcache/Python/3.11.13/x64/lib/pkgconfig
2025-10-22T18:48:31.7723920Z   Python_ROOT_DIR: /opt/hostedtoolcache/Python/3.11.13/x64
2025-10-22T18:48:31.7724318Z   Python2_ROOT_DIR: /opt/hostedtoolcache/Python/3.11.13/x64
2025-10-22T18:48:31.7724720Z   Python3_ROOT_DIR: /opt/hostedtoolcache/Python/3.11.13/x64
2025-10-22T18:48:31.7725106Z   LD_LIBRARY_PATH: /opt/hostedtoolcache/Python/3.11.13/x64/lib
2025-10-22T18:48:31.7725419Z ##[endgroup]
2025-10-22T18:48:31.7999969Z All checks passed!
2025-10-22T18:48:31.8042019Z ##[group]Run mypy src
2025-10-22T18:48:31.8042259Z [36;1mmypy src[0m
2025-10-22T18:48:31.8076440Z shell: /usr/bin/bash -e {0}
2025-10-22T18:48:31.8076669Z env:
2025-10-22T18:48:31.8076902Z   pythonLocation: /opt/hostedtoolcache/Python/3.11.13/x64
2025-10-22T18:48:31.8077309Z   PKG_CONFIG_PATH: /opt/hostedtoolcache/Python/3.11.13/x64/lib/pkgconfig
2025-10-22T18:48:31.8077691Z   Python_ROOT_DIR: /opt/hostedtoolcache/Python/3.11.13/x64
2025-10-22T18:48:31.8078041Z   Python2_ROOT_DIR: /opt/hostedtoolcache/Python/3.11.13/x64
2025-10-22T18:48:31.8078380Z   Python3_ROOT_DIR: /opt/hostedtoolcache/Python/3.11.13/x64
2025-10-22T18:48:31.8078971Z   LD_LIBRARY_PATH: /opt/hostedtoolcache/Python/3.11.13/x64/lib
2025-10-22T18:48:31.8079282Z ##[endgroup]
2025-10-22T18:48:35.7062422Z Success: no issues found in 17 source files
2025-10-22T18:48:35.7208484Z ##[group]Run pytest --cov=abssctl --cov-report=term-missing
2025-10-22T18:48:35.7209209Z [36;1mpytest --cov=abssctl --cov-report=term-missing[0m
2025-10-22T18:48:35.7242697Z shell: /usr/bin/bash -e {0}
2025-10-22T18:48:35.7242916Z env:
2025-10-22T18:48:35.7243148Z   pythonLocation: /opt/hostedtoolcache/Python/3.11.13/x64
2025-10-22T18:48:35.7243555Z   PKG_CONFIG_PATH: /opt/hostedtoolcache/Python/3.11.13/x64/lib/pkgconfig
2025-10-22T18:48:35.7243964Z   Python_ROOT_DIR: /opt/hostedtoolcache/Python/3.11.13/x64
2025-10-22T18:48:35.7244365Z   Python2_ROOT_DIR: /opt/hostedtoolcache/Python/3.11.13/x64
2025-10-22T18:48:35.7244723Z   Python3_ROOT_DIR: /opt/hostedtoolcache/Python/3.11.13/x64
2025-10-22T18:48:35.7245079Z   LD_LIBRARY_PATH: /opt/hostedtoolcache/Python/3.11.13/x64/lib
2025-10-22T18:48:35.7245376Z ##[endgroup]
2025-10-22T18:48:37.6843288Z ============================= test session starts ==============================
2025-10-22T18:48:37.6844254Z platform linux -- Python 3.11.13, pytest-8.4.2, pluggy-1.6.0
2025-10-22T18:48:37.6844692Z rootdir: /home/runner/work/abssctl/abssctl
2025-10-22T18:48:37.6845038Z configfile: pyproject.toml
2025-10-22T18:48:37.6845321Z testpaths: tests
2025-10-22T18:48:37.6845589Z plugins: anyio-4.11.0, cov-7.0.0
2025-10-22T18:48:37.6845888Z collected 124 items
2025-10-22T18:48:37.6846045Z 
2025-10-22T18:48:37.6916305Z tests/test_backups_registry.py ...                                       [  2%]
2025-10-22T18:48:40.9517469Z tests/test_cli.py .......................................F.F..FFFFFF.FFF [ 45%]
2025-10-22T18:48:43.1235685Z FFFFFFFFFFFFFFF                                                          [ 58%]
2025-10-22T18:48:43.1471409Z tests/test_config_loader.py .........                                    [ 65%]
2025-10-22T18:48:43.4382730Z tests/test_locking.py .....                                              [ 69%]
2025-10-22T18:48:43.4881160Z tests/test_nginx_provider.py ...........                                 [ 78%]
2025-10-22T18:48:43.5093067Z tests/test_ports_registry.py ....                                        [ 81%]
2025-10-22T18:48:43.5316120Z tests/test_state_registry.py .......                                     [ 87%]
2025-10-22T18:48:43.5555148Z tests/test_systemd_provider.py ..........                                [ 95%]
2025-10-22T18:48:43.5652425Z tests/test_template_engine.py ...                                        [ 97%]
2025-10-22T18:48:44.0210409Z tests/test_version_installer.py ...                                      [100%]
2025-10-22T18:48:44.0211027Z 
2025-10-22T18:48:44.0211225Z =================================== FAILURES ===================================
2025-10-22T18:48:44.0216006Z ______________________ test_instance_create_acquires_lock ______________________
2025-10-22T18:48:44.0216547Z 
2025-10-22T18:48:44.0216986Z tmp_path = PosixPath('/tmp/pytest-of-runner/pytest-0/test_instance_create_acquires_0')
2025-10-22T18:48:44.0217660Z 
2025-10-22T18:48:44.0218010Z     def test_instance_create_acquires_lock(tmp_path: Path) -> None:
2025-10-22T18:48:44.0219106Z         """`instance create` acquires the expected lock and logs wait duration."""
2025-10-22T18:48:44.0219842Z         env, state_dir = _prepare_environment(tmp_path)
2025-10-22T18:48:44.0220302Z     
2025-10-22T18:48:44.0220745Z         result = runner.invoke(app, ["instance", "create", "alpha"], env=env)
2025-10-22T18:48:44.0221306Z     
2025-10-22T18:48:44.0221591Z >       assert result.exit_code == 0
2025-10-22T18:48:44.0221993Z E       assert 1 == 0
2025-10-22T18:48:44.0222382Z E        +  where 1 = <Result SystemExit(1)>.exit_code
2025-10-22T18:48:44.0222718Z 
2025-10-22T18:48:44.0222882Z tests/test_cli.py:1277: AssertionError
2025-10-22T18:48:44.0223476Z _________________ test_instance_create_no_start_skips_service __________________
2025-10-22T18:48:44.0223937Z 
2025-10-22T18:48:44.0224339Z tmp_path = PosixPath('/tmp/pytest-of-runner/pytest-0/test_instance_create_no_start_0')
2025-10-22T18:48:44.0224919Z 
2025-10-22T18:48:44.0225584Z     def test_instance_create_no_start_skips_service(tmp_path: Path) -> None:
2025-10-22T18:48:44.0226444Z         """`--no-start` skips the systemd start step and updates registry metadata."""
2025-10-22T18:48:44.0227143Z         env, state_dir = _prepare_environment(tmp_path)
2025-10-22T18:48:44.0227598Z     
2025-10-22T18:48:44.0228098Z         result = runner.invoke(app, ["instance", "create", "alpha", "--no-start"], env=env)
2025-10-22T18:48:44.0228944Z >       assert result.exit_code == 0
2025-10-22T18:48:44.0229356Z E       assert 1 == 0
2025-10-22T18:48:44.0229749Z E        +  where 1 = <Result SystemExit(1)>.exit_code
2025-10-22T18:48:44.0230079Z 
2025-10-22T18:48:44.0230238Z tests/test_cli.py:1399: AssertionError
2025-10-22T18:48:44.0230768Z ____________________________ test_instance_env_json ____________________________
2025-10-22T18:48:44.0231207Z 
2025-10-22T18:48:44.0231565Z tmp_path = PosixPath('/tmp/pytest-of-runner/pytest-0/test_instance_env_json0')
2025-10-22T18:48:44.0232478Z 
2025-10-22T18:48:44.0232704Z     def test_instance_env_json(tmp_path: Path) -> None:
2025-10-22T18:48:44.0233298Z         """`instance env --json` emits environment variables."""
2025-10-22T18:48:44.0233857Z         env, _ = _prepare_environment(tmp_path)
2025-10-22T18:48:44.0234303Z >       _create_instance(env)
2025-10-22T18:48:44.0234544Z 
2025-10-22T18:48:44.0234680Z tests/test_cli.py:1469: 
2025-10-22T18:48:44.0235081Z _ _ _ _ _ _ _ _ _ _ _ _ _ _ _ _ _ _ _ _ _ _ _ _ _ _ _ _ _ _ _ _ _ _ _ _ _ _ _ _ 
2025-10-22T18:48:44.0235452Z 
2025-10-22T18:48:44.0236053Z env = {'ABSSCTL_CONFIG_FILE': '/tmp/pytest-of-runner/pytest-0/test_instance_env_json0/config.yml', 'ABSSCTL_SKIP_NPM': '1'}
2025-10-22T18:48:44.0236913Z name = 'alpha'
2025-10-22T18:48:44.0237097Z 
2025-10-22T18:48:44.0237412Z     def _create_instance(env: dict[str, str], name: str = "alpha") -> None:
2025-10-22T18:48:44.0238171Z         result = runner.invoke(app, ["instance", "create", name], env=env)
2025-10-22T18:48:44.0238928Z >       assert result.exit_code == 0
2025-10-22T18:48:44.0239335Z E       assert 1 == 0
2025-10-22T18:48:44.0239713Z E        +  where 1 = <Result SystemExit(1)>.exit_code
2025-10-22T18:48:44.0240060Z 
2025-10-22T18:48:44.0240220Z tests/test_cli.py:1695: AssertionError
2025-10-22T18:48:44.0240814Z ___________________ test_instance_set_fqdn_updates_registry ____________________
2025-10-22T18:48:44.0241264Z 
2025-10-22T18:48:44.0241666Z tmp_path = PosixPath('/tmp/pytest-of-runner/pytest-0/test_instance_set_fqdn_updates0')
2025-10-22T18:48:44.0242235Z 
2025-10-22T18:48:44.0242547Z     def test_instance_set_fqdn_updates_registry(tmp_path: Path) -> None:
2025-10-22T18:48:44.0243279Z         """`set-fqdn` updates domain in config and registry."""
2025-10-22T18:48:44.0243837Z         env, state_dir = _prepare_environment(tmp_path)
2025-10-22T18:48:44.0244320Z >       _create_instance(env)
2025-10-22T18:48:44.0244572Z 
2025-10-22T18:48:44.0244730Z tests/test_cli.py:1482: 
2025-10-22T18:48:44.0245154Z _ _ _ _ _ _ _ _ _ _ _ _ _ _ _ _ _ _ _ _ _ _ _ _ _ _ _ _ _ _ _ _ _ _ _ _ _ _ _ _ 
2025-10-22T18:48:44.0245500Z 
2025-10-22T18:48:44.0246124Z env = {'ABSSCTL_CONFIG_FILE': '/tmp/pytest-of-runner/pytest-0/test_instance_set_fqdn_updates0/config.yml', 'ABSSCTL_SKIP_NPM': '1'}
2025-10-22T18:48:44.0247042Z name = 'alpha'
2025-10-22T18:48:44.0247229Z 
2025-10-22T18:48:44.0247543Z     def _create_instance(env: dict[str, str], name: str = "alpha") -> None:
2025-10-22T18:48:44.0248260Z         result = runner.invoke(app, ["instance", "create", name], env=env)
2025-10-22T18:48:44.0249086Z >       assert result.exit_code == 0
2025-10-22T18:48:44.0249467Z E       assert 1 == 0
2025-10-22T18:48:44.0249834Z E        +  where 1 = <Result SystemExit(1)>.exit_code
2025-10-22T18:48:44.0250173Z 
2025-10-22T18:48:44.0250337Z tests/test_cli.py:1695: AssertionError
2025-10-22T18:48:44.0250938Z ___________________ test_instance_set_port_updates_registry ____________________
2025-10-22T18:48:44.0251412Z 
2025-10-22T18:48:44.0252266Z tmp_path = PosixPath('/tmp/pytest-of-runner/pytest-0/test_instance_set_port_updates0')
2025-10-22T18:48:44.0253237Z monkeypatch = <_pytest.monkeypatch.MonkeyPatch object at 0x7fd5bc73dc10>
2025-10-22T18:48:44.0253763Z 
2025-10-22T18:48:44.0253957Z     def test_instance_set_port_updates_registry(
2025-10-22T18:48:44.0254423Z         tmp_path: Path,
2025-10-22T18:48:44.0254803Z         monkeypatch: pytest.MonkeyPatch,
2025-10-22T18:48:44.0255216Z     ) -> None:
2025-10-22T18:48:44.0255706Z         """`set-port` rewrites config, ports registry, and restarts service."""
2025-10-22T18:48:44.0256396Z         env, state_dir = _prepare_environment(tmp_path)
2025-10-22T18:48:44.0256962Z >       _create_instance(env)
2025-10-22T18:48:44.0257194Z 
2025-10-22T18:48:44.0257324Z tests/test_cli.py:1511: 
2025-10-22T18:48:44.0257723Z _ _ _ _ _ _ _ _ _ _ _ _ _ _ _ _ _ _ _ _ _ _ _ _ _ _ _ _ _ _ _ _ _ _ _ _ _ _ _ _ 
2025-10-22T18:48:44.0258082Z 
2025-10-22T18:48:44.0259136Z env = {'ABSSCTL_CONFIG_FILE': '/tmp/pytest-of-runner/pytest-0/test_instance_set_port_updates0/config.yml', 'ABSSCTL_SKIP_NPM': '1'}
2025-10-22T18:48:44.0260021Z name = 'alpha'
2025-10-22T18:48:44.0260185Z 
2025-10-22T18:48:44.0260459Z     def _create_instance(env: dict[str, str], name: str = "alpha") -> None:
2025-10-22T18:48:44.0261109Z         result = runner.invoke(app, ["instance", "create", name], env=env)
2025-10-22T18:48:44.0261622Z >       assert result.exit_code == 0
2025-10-22T18:48:44.0261976Z E       assert 1 == 0
2025-10-22T18:48:44.0262303Z E        +  where 1 = <Result SystemExit(1)>.exit_code
2025-10-22T18:48:44.0262591Z 
2025-10-22T18:48:44.0262725Z tests/test_cli.py:1695: AssertionError
2025-10-22T18:48:44.0263234Z __________________ test_instance_set_version_updates_registry __________________
2025-10-22T18:48:44.0263632Z 
2025-10-22T18:48:44.0263974Z tmp_path = PosixPath('/tmp/pytest-of-runner/pytest-0/test_instance_set_version_upda0')
2025-10-22T18:48:44.0264767Z monkeypatch = <_pytest.monkeypatch.MonkeyPatch object at 0x7fd5bbcd7fd0>
2025-10-22T18:48:44.0265219Z 
2025-10-22T18:48:44.0265395Z     def test_instance_set_version_updates_registry(
2025-10-22T18:48:44.0265786Z         tmp_path: Path,
2025-10-22T18:48:44.0266224Z         monkeypatch: pytest.MonkeyPatch,
2025-10-22T18:48:44.0266580Z     ) -> None:
2025-10-22T18:48:44.0266893Z         """`set-version` binds to a registered version."""
2025-10-22T18:48:44.0267328Z         install_root = tmp_path / "srv" / "app"
2025-10-22T18:48:44.0267736Z         version_path = install_root / "v25.9.0"
2025-10-22T18:48:44.0268154Z         version_path.mkdir(parents=True, exist_ok=True)
2025-10-22T18:48:44.0268721Z     
2025-10-22T18:48:44.0269000Z         env, state_dir = _prepare_environment(
2025-10-22T18:48:44.0269352Z             tmp_path,
2025-10-22T18:48:44.0269718Z             config_overrides={"install_root": str(install_root)},
2025-10-22T18:48:44.0270249Z             versions=[{"version": "25.9.0", "path": str(version_path)}],
2025-10-22T18:48:44.0270693Z         )
2025-10-22T18:48:44.0270931Z >       _create_instance(env)
2025-10-22T18:48:44.0271142Z 
2025-10-22T18:48:44.0271260Z tests/test_cli.py:1569: 
2025-10-22T18:48:44.0271616Z _ _ _ _ _ _ _ _ _ _ _ _ _ _ _ _ _ _ _ _ _ _ _ _ _ _ _ _ _ _ _ _ _ _ _ _ _ _ _ _ 
2025-10-22T18:48:44.0271915Z 
2025-10-22T18:48:44.0272465Z env = {'ABSSCTL_CONFIG_FILE': '/tmp/pytest-of-runner/pytest-0/test_instance_set_version_upda0/config.yml', 'ABSSCTL_SKIP_NPM': '1'}
2025-10-22T18:48:44.0273229Z name = 'alpha'
2025-10-22T18:48:44.0273375Z 
2025-10-22T18:48:44.0273624Z     def _create_instance(env: dict[str, str], name: str = "alpha") -> None:
2025-10-22T18:48:44.0274226Z         result = runner.invoke(app, ["instance", "create", name], env=env)
2025-10-22T18:48:44.0274712Z >       assert result.exit_code == 0
2025-10-22T18:48:44.0275045Z E       assert 1 == 0
2025-10-22T18:48:44.0275358Z E        +  where 1 = <Result SystemExit(1)>.exit_code
2025-10-22T18:48:44.0275630Z 
2025-10-22T18:48:44.0275759Z tests/test_cli.py:1695: AssertionError
2025-10-22T18:48:44.0276481Z _________________ test_instance_delete_purge_data_removes_root _________________
2025-10-22T18:48:44.0276885Z 
2025-10-22T18:48:44.0277222Z tmp_path = PosixPath('/tmp/pytest-of-runner/pytest-0/test_instance_delete_purge_dat0')
2025-10-22T18:48:44.0277683Z 
2025-10-22T18:48:44.0277963Z     def test_instance_delete_purge_data_removes_root(tmp_path: Path) -> None:
2025-10-22T18:48:44.0278810Z         """`instance delete --purge-data` removes the instance root directory."""
2025-10-22T18:48:44.0279351Z         env, _ = _prepare_environment(tmp_path)
2025-10-22T18:48:44.0279730Z >       _create_instance(env)
2025-10-22T18:48:44.0279931Z 
2025-10-22T18:48:44.0280039Z tests/test_cli.py:1602: 
2025-10-22T18:48:44.0280382Z _ _ _ _ _ _ _ _ _ _ _ _ _ _ _ _ _ _ _ _ _ _ _ _ _ _ _ _ _ _ _ _ _ _ _ _ _ _ _ _ 
2025-10-22T18:48:44.0280671Z 
2025-10-22T18:48:44.0281206Z env = {'ABSSCTL_CONFIG_FILE': '/tmp/pytest-of-runner/pytest-0/test_instance_delete_purge_dat0/config.yml', 'ABSSCTL_SKIP_NPM': '1'}
2025-10-22T18:48:44.0282138Z name = 'alpha'
2025-10-22T18:48:44.0282292Z 
2025-10-22T18:48:44.0282555Z     def _create_instance(env: dict[str, str], name: str = "alpha") -> None:
2025-10-22T18:48:44.0283156Z         result = runner.invoke(app, ["instance", "create", name], env=env)
2025-10-22T18:48:44.0283639Z >       assert result.exit_code == 0
2025-10-22T18:48:44.0283965Z E       assert 1 == 0
2025-10-22T18:48:44.0284265Z E        +  where 1 = <Result SystemExit(1)>.exit_code
2025-10-22T18:48:44.0284539Z 
2025-10-22T18:48:44.0284672Z tests/test_cli.py:1695: AssertionError
2025-10-22T18:48:44.0285148Z ____________________ test_instance_rename_moves_directories ____________________
2025-10-22T18:48:44.0285522Z 
2025-10-22T18:48:44.0285863Z tmp_path = PosixPath('/tmp/pytest-of-runner/pytest-0/test_instance_rename_moves_dir0')
2025-10-22T18:48:44.0286611Z monkeypatch = <_pytest.monkeypatch.MonkeyPatch object at 0x7fd5bbd06650>
2025-10-22T18:48:44.0287033Z 
2025-10-22T18:48:44.0287194Z     def test_instance_rename_moves_directories(
2025-10-22T18:48:44.0287574Z         tmp_path: Path,
2025-10-22T18:48:44.0287883Z         monkeypatch: pytest.MonkeyPatch,
2025-10-22T18:48:44.0288236Z     ) -> None:
2025-10-22T18:48:44.0288764Z         """`instance rename` moves directories and updates the registry."""
2025-10-22T18:48:44.0289289Z         env, state_dir = _prepare_environment(tmp_path)
2025-10-22T18:48:44.0289665Z >       _create_instance(env)
2025-10-22T18:48:44.0289873Z 
2025-10-22T18:48:44.0289987Z tests/test_cli.py:1622: 
2025-10-22T18:48:44.0290331Z _ _ _ _ _ _ _ _ _ _ _ _ _ _ _ _ _ _ _ _ _ _ _ _ _ _ _ _ _ _ _ _ _ _ _ _ _ _ _ _ 
2025-10-22T18:48:44.0290611Z 
2025-10-22T18:48:44.0291132Z env = {'ABSSCTL_CONFIG_FILE': '/tmp/pytest-of-runner/pytest-0/test_instance_rename_moves_dir0/config.yml', 'ABSSCTL_SKIP_NPM': '1'}
2025-10-22T18:48:44.0291873Z name = 'alpha'
2025-10-22T18:48:44.0292015Z 
2025-10-22T18:48:44.0292258Z     def _create_instance(env: dict[str, str], name: str = "alpha") -> None:
2025-10-22T18:48:44.0292885Z         result = runner.invoke(app, ["instance", "create", name], env=env)
2025-10-22T18:48:44.0293396Z >       assert result.exit_code == 0
2025-10-22T18:48:44.0293728Z E       assert 1 == 0
2025-10-22T18:48:44.0294028Z E        +  where 1 = <Result SystemExit(1)>.exit_code
2025-10-22T18:48:44.0294299Z 
2025-10-22T18:48:44.0294424Z tests/test_cli.py:1695: AssertionError
2025-10-22T18:48:44.0294913Z ____________________ test_instance_enable_updates_registry _____________________
2025-10-22T18:48:44.0295286Z 
2025-10-22T18:48:44.0295624Z tmp_path = PosixPath('/tmp/pytest-of-runner/pytest-0/test_instance_enable_updates_r0')
2025-10-22T18:48:44.0296365Z monkeypatch = <_pytest.monkeypatch.MonkeyPatch object at 0x7fd5bba35610>
2025-10-22T18:48:44.0296804Z 
2025-10-22T18:48:44.0296946Z     def test_instance_enable_updates_registry(
2025-10-22T18:48:44.0297301Z         tmp_path: Path,
2025-10-22T18:48:44.0297608Z         monkeypatch: pytest.MonkeyPatch,
2025-10-22T18:48:44.0297952Z     ) -> None:
2025-10-22T18:48:44.0298333Z         """Enable command invokes providers and marks instance enabled."""
2025-10-22T18:48:44.0299224Z         env, state_dir = _prepare_environment(tmp_path)
2025-10-22T18:48:44.0299644Z >       _create_instance(env)
2025-10-22T18:48:44.0299858Z 
2025-10-22T18:48:44.0299977Z tests/test_cli.py:1732: 
2025-10-22T18:48:44.0300329Z _ _ _ _ _ _ _ _ _ _ _ _ _ _ _ _ _ _ _ _ _ _ _ _ _ _ _ _ _ _ _ _ _ _ _ _ _ _ _ _ 
2025-10-22T18:48:44.0300651Z 
2025-10-22T18:48:44.0301217Z env = {'ABSSCTL_CONFIG_FILE': '/tmp/pytest-of-runner/pytest-0/test_instance_enable_updates_r0/config.yml', 'ABSSCTL_SKIP_NPM': '1'}
2025-10-22T18:48:44.0302021Z name = 'alpha'
2025-10-22T18:48:44.0302172Z 
2025-10-22T18:48:44.0302441Z     def _create_instance(env: dict[str, str], name: str = "alpha") -> None:
2025-10-22T18:48:44.0303101Z         result = runner.invoke(app, ["instance", "create", name], env=env)
2025-10-22T18:48:44.0303604Z >       assert result.exit_code == 0
2025-10-22T18:48:44.0304108Z E       assert 1 == 0
2025-10-22T18:48:44.0304432Z E        +  where 1 = <Result SystemExit(1)>.exit_code
2025-10-22T18:48:44.0304736Z 
2025-10-22T18:48:44.0304873Z tests/test_cli.py:1695: AssertionError
2025-10-22T18:48:44.0305398Z __________________ test_instance_enable_dry_run_skips_changes __________________
2025-10-22T18:48:44.0305812Z 
2025-10-22T18:48:44.0306156Z tmp_path = PosixPath('/tmp/pytest-of-runner/pytest-0/test_instance_enable_dry_run_s0')
2025-10-22T18:48:44.0306962Z monkeypatch = <_pytest.monkeypatch.MonkeyPatch object at 0x7fd5bbe58050>
2025-10-22T18:48:44.0307374Z 
2025-10-22T18:48:44.0307532Z     def test_instance_enable_dry_run_skips_changes(
2025-10-22T18:48:44.0307917Z         tmp_path: Path,
2025-10-22T18:48:44.0308222Z         monkeypatch: pytest.MonkeyPatch,
2025-10-22T18:48:44.0308744Z     ) -> None:
2025-10-22T18:48:44.0309107Z         """Dry-run enable avoids provider calls and metadata updates."""
2025-10-22T18:48:44.0309600Z         env, state_dir = _prepare_environment(tmp_path)
2025-10-22T18:48:44.0309994Z >       _create_instance(env)
2025-10-22T18:48:44.0310193Z 
2025-10-22T18:48:44.0310305Z tests/test_cli.py:1770: 
2025-10-22T18:48:44.0310650Z _ _ _ _ _ _ _ _ _ _ _ _ _ _ _ _ _ _ _ _ _ _ _ _ _ _ _ _ _ _ _ _ _ _ _ _ _ _ _ _ 
2025-10-22T18:48:44.0310946Z 
2025-10-22T18:48:44.0311537Z env = {'ABSSCTL_CONFIG_FILE': '/tmp/pytest-of-runner/pytest-0/test_instance_enable_dry_run_s0/config.yml', 'ABSSCTL_SKIP_NPM': '1'}
2025-10-22T18:48:44.0312288Z name = 'alpha'
2025-10-22T18:48:44.0312431Z 
2025-10-22T18:48:44.0312838Z     def _create_instance(env: dict[str, str], name: str = "alpha") -> None:
2025-10-22T18:48:44.0313446Z         result = runner.invoke(app, ["instance", "create", name], env=env)
2025-10-22T18:48:44.0313934Z >       assert result.exit_code == 0
2025-10-22T18:48:44.0314263Z E       assert 1 == 0
2025-10-22T18:48:44.0314577Z E        +  where 1 = <Result SystemExit(1)>.exit_code
2025-10-22T18:48:44.0314854Z 
2025-10-22T18:48:44.0314989Z tests/test_cli.py:1695: AssertionError
2025-10-22T18:48:44.0315511Z ___________ test_instance_enable_systemd_failure_preserves_registry ____________
2025-10-22T18:48:44.0315968Z 
2025-10-22T18:48:44.0316298Z tmp_path = PosixPath('/tmp/pytest-of-runner/pytest-0/test_instance_enable_systemd_f0')
2025-10-22T18:48:44.0317032Z monkeypatch = <_pytest.monkeypatch.MonkeyPatch object at 0x7fd5bbcc2550>
2025-10-22T18:48:44.0317457Z 
2025-10-22T18:48:44.0317681Z     def test_instance_enable_systemd_failure_preserves_registry(
2025-10-22T18:48:44.0318129Z         tmp_path: Path,
2025-10-22T18:48:44.0318436Z         monkeypatch: pytest.MonkeyPatch,
2025-10-22T18:48:44.0318931Z     ) -> None:
2025-10-22T18:48:44.0319349Z         """Systemd failures surface an error and keep registry metadata unchanged."""
2025-10-22T18:48:44.0319930Z         env, state_dir = _prepare_environment(tmp_path)
2025-10-22T18:48:44.0320321Z >       _create_instance(env)
2025-10-22T18:48:44.0320522Z 
2025-10-22T18:48:44.0320633Z tests/test_cli.py:1809: 
2025-10-22T18:48:44.0320973Z _ _ _ _ _ _ _ _ _ _ _ _ _ _ _ _ _ _ _ _ _ _ _ _ _ _ _ _ _ _ _ _ _ _ _ _ _ _ _ _ 
2025-10-22T18:48:44.0321281Z 
2025-10-22T18:48:44.0321997Z env = {'ABSSCTL_CONFIG_FILE': '/tmp/pytest-of-runner/pytest-0/test_instance_enable_systemd_f0/config.yml', 'ABSSCTL_SKIP_NPM': '1'}
2025-10-22T18:48:44.0322760Z name = 'alpha'
2025-10-22T18:48:44.0322919Z 
2025-10-22T18:48:44.0323171Z     def _create_instance(env: dict[str, str], name: str = "alpha") -> None:
2025-10-22T18:48:44.0323758Z         result = runner.invoke(app, ["instance", "create", name], env=env)
2025-10-22T18:48:44.0324234Z >       assert result.exit_code == 0
2025-10-22T18:48:44.0324556Z E       assert 1 == 0
2025-10-22T18:48:44.0324872Z E        +  where 1 = <Result SystemExit(1)>.exit_code
2025-10-22T18:48:44.0325147Z 
2025-10-22T18:48:44.0325284Z tests/test_cli.py:1695: AssertionError
2025-10-22T18:48:44.0325752Z ____________________ test_instance_disable_updates_registry ____________________
2025-10-22T18:48:44.0326131Z 
2025-10-22T18:48:44.0326633Z tmp_path = PosixPath('/tmp/pytest-of-runner/pytest-0/test_instance_disable_updates_0')
2025-10-22T18:48:44.0327374Z monkeypatch = <_pytest.monkeypatch.MonkeyPatch object at 0x7fd5bbd1f390>
2025-10-22T18:48:44.0327785Z 
2025-10-22T18:48:44.0327930Z     def test_instance_disable_updates_registry(
2025-10-22T18:48:44.0328304Z         tmp_path: Path,
2025-10-22T18:48:44.0328755Z         monkeypatch: pytest.MonkeyPatch,
2025-10-22T18:48:44.0329117Z     ) -> None:
2025-10-22T18:48:44.0329492Z         """Disable command invokes providers and marks instance disabled."""
2025-10-22T18:48:44.0330031Z         env, state_dir = _prepare_environment(tmp_path)
2025-10-22T18:48:44.0330413Z >       _create_instance(env)
2025-10-22T18:48:44.0330619Z 
2025-10-22T18:48:44.0330730Z tests/test_cli.py:1847: 
2025-10-22T18:48:44.0331078Z _ _ _ _ _ _ _ _ _ _ _ _ _ _ _ _ _ _ _ _ _ _ _ _ _ _ _ _ _ _ _ _ _ _ _ _ _ _ _ _ 
2025-10-22T18:48:44.0331366Z 
2025-10-22T18:48:44.0331894Z env = {'ABSSCTL_CONFIG_FILE': '/tmp/pytest-of-runner/pytest-0/test_instance_disable_updates_0/config.yml', 'ABSSCTL_SKIP_NPM': '1'}
2025-10-22T18:48:44.0332661Z name = 'alpha'
2025-10-22T18:48:44.0332811Z 
2025-10-22T18:48:44.0333061Z     def _create_instance(env: dict[str, str], name: str = "alpha") -> None:
2025-10-22T18:48:44.0333655Z         result = runner.invoke(app, ["instance", "create", name], env=env)
2025-10-22T18:48:44.0334132Z >       assert result.exit_code == 0
2025-10-22T18:48:44.0334457Z E       assert 1 == 0
2025-10-22T18:48:44.0334767Z E        +  where 1 = <Result SystemExit(1)>.exit_code
2025-10-22T18:48:44.0335032Z 
2025-10-22T18:48:44.0335159Z tests/test_cli.py:1695: AssertionError
2025-10-22T18:48:44.0335643Z _________________ test_instance_disable_dry_run_skips_changes __________________
2025-10-22T18:48:44.0336024Z 
2025-10-22T18:48:44.0336359Z tmp_path = PosixPath('/tmp/pytest-of-runner/pytest-0/test_instance_disable_dry_run_0')
2025-10-22T18:48:44.0337073Z monkeypatch = <_pytest.monkeypatch.MonkeyPatch object at 0x7fd5bbea9510>
2025-10-22T18:48:44.0337482Z 
2025-10-22T18:48:44.0337651Z     def test_instance_disable_dry_run_skips_changes(
2025-10-22T18:48:44.0338041Z         tmp_path: Path,
2025-10-22T18:48:44.0338353Z         monkeypatch: pytest.MonkeyPatch,
2025-10-22T18:48:44.0338877Z     ) -> None:
2025-10-22T18:48:44.0339295Z         """Dry-run disable avoids provider calls and leaves registry untouched."""
2025-10-22T18:48:44.0339855Z         env, state_dir = _prepare_environment(tmp_path)
2025-10-22T18:48:44.0340254Z >       _create_instance(env)
2025-10-22T18:48:44.0340462Z 
2025-10-22T18:48:44.0340582Z tests/test_cli.py:1875: 
2025-10-22T18:48:44.0340921Z _ _ _ _ _ _ _ _ _ _ _ _ _ _ _ _ _ _ _ _ _ _ _ _ _ _ _ _ _ _ _ _ _ _ _ _ _ _ _ _ 
2025-10-22T18:48:44.0341211Z 
2025-10-22T18:48:44.0341723Z env = {'ABSSCTL_CONFIG_FILE': '/tmp/pytest-of-runner/pytest-0/test_instance_disable_dry_run_0/config.yml', 'ABSSCTL_SKIP_NPM': '1'}
2025-10-22T18:48:44.0342445Z name = 'alpha'
2025-10-22T18:48:44.0342605Z 
2025-10-22T18:48:44.0342917Z     def _create_instance(env: dict[str, str], name: str = "alpha") -> None:
2025-10-22T18:48:44.0343711Z         result = runner.invoke(app, ["instance", "create", name], env=env)
2025-10-22T18:48:44.0344188Z >       assert result.exit_code == 0
2025-10-22T18:48:44.0344518Z E       assert 1 == 0
2025-10-22T18:48:44.0344830Z E        +  where 1 = <Result SystemExit(1)>.exit_code
2025-10-22T18:48:44.0345119Z 
2025-10-22T18:48:44.0345248Z tests/test_cli.py:1695: AssertionError
2025-10-22T18:48:44.0345747Z ___________ test_instance_disable_systemd_failure_preserves_registry ___________
2025-10-22T18:48:44.0346155Z 
2025-10-22T18:48:44.0346478Z tmp_path = PosixPath('/tmp/pytest-of-runner/pytest-0/test_instance_disable_systemd_0')
2025-10-22T18:48:44.0347214Z monkeypatch = <_pytest.monkeypatch.MonkeyPatch object at 0x7fd5bbc40350>
2025-10-22T18:48:44.0347621Z 
2025-10-22T18:48:44.0347835Z     def test_instance_disable_systemd_failure_preserves_registry(
2025-10-22T18:48:44.0348276Z         tmp_path: Path,
2025-10-22T18:48:44.0348920Z         monkeypatch: pytest.MonkeyPatch,
2025-10-22T18:48:44.0349323Z     ) -> None:
2025-10-22T18:48:44.0349803Z         """Systemd disable failures exit with an error and keep state unchanged."""
2025-10-22T18:48:44.0350363Z         env, state_dir = _prepare_environment(tmp_path)
2025-10-22T18:48:44.0350756Z >       _create_instance(env)
2025-10-22T18:48:44.0350954Z 
2025-10-22T18:48:44.0351064Z tests/test_cli.py:1914: 
2025-10-22T18:48:44.0351405Z _ _ _ _ _ _ _ _ _ _ _ _ _ _ _ _ _ _ _ _ _ _ _ _ _ _ _ _ _ _ _ _ _ _ _ _ _ _ _ _ 
2025-10-22T18:48:44.0351693Z 
2025-10-22T18:48:44.0352217Z env = {'ABSSCTL_CONFIG_FILE': '/tmp/pytest-of-runner/pytest-0/test_instance_disable_systemd_0/config.yml', 'ABSSCTL_SKIP_NPM': '1'}
2025-10-22T18:48:44.0352965Z name = 'alpha'
2025-10-22T18:48:44.0353118Z 
2025-10-22T18:48:44.0353380Z     def _create_instance(env: dict[str, str], name: str = "alpha") -> None:
2025-10-22T18:48:44.0353973Z         result = runner.invoke(app, ["instance", "create", name], env=env)
2025-10-22T18:48:44.0354456Z >       assert result.exit_code == 0
2025-10-22T18:48:44.0354781Z E       assert 1 == 0
2025-10-22T18:48:44.0355103Z E        +  where 1 = <Result SystemExit(1)>.exit_code
2025-10-22T18:48:44.0355373Z 
2025-10-22T18:48:44.0355510Z tests/test_cli.py:1695: AssertionError
2025-10-22T18:48:44.0355962Z ______________________ test_instance_start_updates_status ______________________
2025-10-22T18:48:44.0356316Z 
2025-10-22T18:48:44.0356645Z tmp_path = PosixPath('/tmp/pytest-of-runner/pytest-0/test_instance_start_updates_st0')
2025-10-22T18:48:44.0357361Z monkeypatch = <_pytest.monkeypatch.MonkeyPatch object at 0x7fd5bc200750>
2025-10-22T18:48:44.0357775Z 
2025-10-22T18:48:44.0357909Z     def test_instance_start_updates_status(
2025-10-22T18:48:44.0358263Z         tmp_path: Path,
2025-10-22T18:48:44.0358726Z         monkeypatch: pytest.MonkeyPatch,
2025-10-22T18:48:44.0359072Z     ) -> None:
2025-10-22T18:48:44.0359386Z         """Start command sets registry status to running."""
2025-10-22T18:48:44.0359863Z         env, state_dir = _prepare_environment(tmp_path)
2025-10-22T18:48:44.0360259Z >       _create_instance(env)
2025-10-22T18:48:44.0360472Z 
2025-10-22T18:48:44.0360589Z tests/test_cli.py:1952: 
2025-10-22T18:48:44.0360926Z _ _ _ _ _ _ _ _ _ _ _ _ _ _ _ _ _ _ _ _ _ _ _ _ _ _ _ _ _ _ _ _ _ _ _ _ _ _ _ _ 
2025-10-22T18:48:44.0361219Z 
2025-10-22T18:48:44.0361742Z env = {'ABSSCTL_CONFIG_FILE': '/tmp/pytest-of-runner/pytest-0/test_instance_start_updates_st0/config.yml', 'ABSSCTL_SKIP_NPM': '1'}
2025-10-22T18:48:44.0362482Z name = 'alpha'
2025-10-22T18:48:44.0362631Z 
2025-10-22T18:48:44.0362878Z     def _create_instance(env: dict[str, str], name: str = "alpha") -> None:
2025-10-22T18:48:44.0363477Z         result = runner.invoke(app, ["instance", "create", name], env=env)
2025-10-22T18:48:44.0363933Z >       assert result.exit_code == 0
2025-10-22T18:48:44.0364265Z E       assert 1 == 0
2025-10-22T18:48:44.0364567Z E        +  where 1 = <Result SystemExit(1)>.exit_code
2025-10-22T18:48:44.0364855Z 
2025-10-22T18:48:44.0364983Z tests/test_cli.py:1695: AssertionError
2025-10-22T18:48:44.0365642Z __________________ test_instance_start_dry_run_skips_changes ___________________
2025-10-22T18:48:44.0366026Z 
2025-10-22T18:48:44.0366354Z tmp_path = PosixPath('/tmp/pytest-of-runner/pytest-0/test_instance_start_dry_run_sk0')
2025-10-22T18:48:44.0367071Z monkeypatch = <_pytest.monkeypatch.MonkeyPatch object at 0x7fd5bbe3a8d0>
2025-10-22T18:48:44.0367462Z 
2025-10-22T18:48:44.0367605Z     def test_instance_start_dry_run_skips_changes(
2025-10-22T18:48:44.0367958Z         tmp_path: Path,
2025-10-22T18:48:44.0368257Z         monkeypatch: pytest.MonkeyPatch,
2025-10-22T18:48:44.0368746Z     ) -> None:
2025-10-22T18:48:44.0369126Z         """Dry-run start avoids provider execution and metadata updates."""
2025-10-22T18:48:44.0369638Z         env, state_dir = _prepare_environment(tmp_path)
2025-10-22T18:48:44.0370027Z >       _create_instance(env)
2025-10-22T18:48:44.0370231Z 
2025-10-22T18:48:44.0370516Z tests/test_cli.py:1975: 
2025-10-22T18:48:44.0370873Z _ _ _ _ _ _ _ _ _ _ _ _ _ _ _ _ _ _ _ _ _ _ _ _ _ _ _ _ _ _ _ _ _ _ _ _ _ _ _ _ 
2025-10-22T18:48:44.0371166Z 
2025-10-22T18:48:44.0371694Z env = {'ABSSCTL_CONFIG_FILE': '/tmp/pytest-of-runner/pytest-0/test_instance_start_dry_run_sk0/config.yml', 'ABSSCTL_SKIP_NPM': '1'}
2025-10-22T18:48:44.0372431Z name = 'alpha'
2025-10-22T18:48:44.0372588Z 
2025-10-22T18:48:44.0372841Z     def _create_instance(env: dict[str, str], name: str = "alpha") -> None:
2025-10-22T18:48:44.0373439Z         result = runner.invoke(app, ["instance", "create", name], env=env)
2025-10-22T18:48:44.0373922Z >       assert result.exit_code == 0
2025-10-22T18:48:44.0374261Z E       assert 1 == 0
2025-10-22T18:48:44.0374573Z E        +  where 1 = <Result SystemExit(1)>.exit_code
2025-10-22T18:48:44.0374846Z 
2025-10-22T18:48:44.0374981Z tests/test_cli.py:1695: AssertionError
2025-10-22T18:48:44.0375479Z _____________ test_instance_start_systemd_failure_preserves_status _____________
2025-10-22T18:48:44.0375878Z 
2025-10-22T18:48:44.0376211Z tmp_path = PosixPath('/tmp/pytest-of-runner/pytest-0/test_instance_start_systemd_fa0')
2025-10-22T18:48:44.0376957Z monkeypatch = <_pytest.monkeypatch.MonkeyPatch object at 0x7fd5bc198790>
2025-10-22T18:48:44.0377377Z 
2025-10-22T18:48:44.0377578Z     def test_instance_start_systemd_failure_preserves_status(
2025-10-22T18:48:44.0378004Z         tmp_path: Path,
2025-10-22T18:48:44.0378306Z         monkeypatch: pytest.MonkeyPatch,
2025-10-22T18:48:44.0379102Z     ) -> None:
2025-10-22T18:48:44.0379511Z         """Start failure reports an error and leaves registry intact."""
2025-10-22T18:48:44.0379985Z         env, state_dir = _prepare_environment(tmp_path)
2025-10-22T18:48:44.0380339Z >       _create_instance(env)
2025-10-22T18:48:44.0380527Z 
2025-10-22T18:48:44.0380625Z tests/test_cli.py:2008: 
2025-10-22T18:48:44.0380928Z _ _ _ _ _ _ _ _ _ _ _ _ _ _ _ _ _ _ _ _ _ _ _ _ _ _ _ _ _ _ _ _ _ _ _ _ _ _ _ _ 
2025-10-22T18:48:44.0381186Z 
2025-10-22T18:48:44.0381682Z env = {'ABSSCTL_CONFIG_FILE': '/tmp/pytest-of-runner/pytest-0/test_instance_start_systemd_fa0/config.yml', 'ABSSCTL_SKIP_NPM': '1'}
2025-10-22T18:48:44.0382349Z name = 'alpha'
2025-10-22T18:48:44.0382480Z 
2025-10-22T18:48:44.0382707Z     def _create_instance(env: dict[str, str], name: str = "alpha") -> None:
2025-10-22T18:48:44.0383250Z         result = runner.invoke(app, ["instance", "create", name], env=env)
2025-10-22T18:48:44.0383679Z >       assert result.exit_code == 0
2025-10-22T18:48:44.0383964Z E       assert 1 == 0
2025-10-22T18:48:44.0384239Z E        +  where 1 = <Result SystemExit(1)>.exit_code
2025-10-22T18:48:44.0384479Z 
2025-10-22T18:48:44.0384593Z tests/test_cli.py:1695: AssertionError
2025-10-22T18:48:44.0385015Z ______________________ test_instance_stop_updates_status _______________________
2025-10-22T18:48:44.0385337Z 
2025-10-22T18:48:44.0385616Z tmp_path = PosixPath('/tmp/pytest-of-runner/pytest-0/test_instance_stop_updates_sta0')
2025-10-22T18:48:44.0386218Z monkeypatch = <_pytest.monkeypatch.MonkeyPatch object at 0x7fd5bbcd0410>
2025-10-22T18:48:44.0386555Z 
2025-10-22T18:48:44.0386878Z     def test_instance_stop_updates_status(
2025-10-22T18:48:44.0387170Z         tmp_path: Path,
2025-10-22T18:48:44.0387419Z         monkeypatch: pytest.MonkeyPatch,
2025-10-22T18:48:44.0387690Z     ) -> None:
2025-10-22T18:48:44.0387945Z         """Stop command sets registry status to stopped."""
2025-10-22T18:48:44.0388305Z         env, state_dir = _prepare_environment(tmp_path)
2025-10-22T18:48:44.0388753Z >       _create_instance(env)
2025-10-22T18:48:44.0388917Z 
2025-10-22T18:48:44.0389011Z tests/test_cli.py:2042: 
2025-10-22T18:48:44.0389281Z _ _ _ _ _ _ _ _ _ _ _ _ _ _ _ _ _ _ _ _ _ _ _ _ _ _ _ _ _ _ _ _ _ _ _ _ _ _ _ _ 
2025-10-22T18:48:44.0389514Z 
2025-10-22T18:48:44.0389950Z env = {'ABSSCTL_CONFIG_FILE': '/tmp/pytest-of-runner/pytest-0/test_instance_stop_updates_sta0/config.yml', 'ABSSCTL_SKIP_NPM': '1'}
2025-10-22T18:48:44.0390556Z name = 'alpha'
2025-10-22T18:48:44.0390682Z 
2025-10-22T18:48:44.0391018Z     def _create_instance(env: dict[str, str], name: str = "alpha") -> None:
2025-10-22T18:48:44.0391518Z         result = runner.invoke(app, ["instance", "create", name], env=env)
2025-10-22T18:48:44.0391899Z >       assert result.exit_code == 0
2025-10-22T18:48:44.0392167Z E       assert 1 == 0
2025-10-22T18:48:44.0392413Z E        +  where 1 = <Result SystemExit(1)>.exit_code
2025-10-22T18:48:44.0392637Z 
2025-10-22T18:48:44.0392738Z tests/test_cli.py:1695: AssertionError
2025-10-22T18:48:44.0393393Z ___________________ test_instance_stop_dry_run_skips_changes ___________________
2025-10-22T18:48:44.0411697Z 
2025-10-22T18:48:44.0412057Z tmp_path = PosixPath('/tmp/pytest-of-runner/pytest-0/test_instance_stop_dry_run_ski0')
2025-10-22T18:48:44.0412743Z monkeypatch = <_pytest.monkeypatch.MonkeyPatch object at 0x7fd5bbf25a10>
2025-10-22T18:48:44.0413021Z 
2025-10-22T18:48:44.0413140Z     def test_instance_stop_dry_run_skips_changes(
2025-10-22T18:48:44.0413409Z         tmp_path: Path,
2025-10-22T18:48:44.0413644Z         monkeypatch: pytest.MonkeyPatch,
2025-10-22T18:48:44.0413887Z     ) -> None:
2025-10-22T18:48:44.0414153Z         """Dry-run stop avoids provider execution and registry updates."""
2025-10-22T18:48:44.0414493Z         env, state_dir = _prepare_environment(tmp_path)
2025-10-22T18:48:44.0414759Z >       _create_instance(env)
2025-10-22T18:48:44.0414893Z 
2025-10-22T18:48:44.0414971Z tests/test_cli.py:2065: 
2025-10-22T18:48:44.0415208Z _ _ _ _ _ _ _ _ _ _ _ _ _ _ _ _ _ _ _ _ _ _ _ _ _ _ _ _ _ _ _ _ _ _ _ _ _ _ _ _ 
2025-10-22T18:48:44.0415404Z 
2025-10-22T18:48:44.0415757Z env = {'ABSSCTL_CONFIG_FILE': '/tmp/pytest-of-runner/pytest-0/test_instance_stop_dry_run_ski0/config.yml', 'ABSSCTL_SKIP_NPM': '1'}
2025-10-22T18:48:44.0416235Z name = 'alpha'
2025-10-22T18:48:44.0416337Z 
2025-10-22T18:48:44.0416525Z     def _create_instance(env: dict[str, str], name: str = "alpha") -> None:
2025-10-22T18:48:44.0416931Z         result = runner.invoke(app, ["instance", "create", name], env=env)
2025-10-22T18:48:44.0417256Z >       assert result.exit_code == 0
2025-10-22T18:48:44.0417477Z E       assert 1 == 0
2025-10-22T18:48:44.0417696Z E        +  where 1 = <Result SystemExit(1)>.exit_code
2025-10-22T18:48:44.0417878Z 
2025-10-22T18:48:44.0417974Z tests/test_cli.py:1695: AssertionError
2025-10-22T18:48:44.0418306Z _____________ test_instance_stop_systemd_failure_preserves_status ______________
2025-10-22T18:48:44.0418774Z 
2025-10-22T18:48:44.0419005Z tmp_path = PosixPath('/tmp/pytest-of-runner/pytest-0/test_instance_stop_systemd_fai0')
2025-10-22T18:48:44.0419486Z monkeypatch = <_pytest.monkeypatch.MonkeyPatch object at 0x7fd5bc425b10>
2025-10-22T18:48:44.0419756Z 
2025-10-22T18:48:44.0419886Z     def test_instance_stop_systemd_failure_preserves_status(
2025-10-22T18:48:44.0420173Z         tmp_path: Path,
2025-10-22T18:48:44.0420378Z         monkeypatch: pytest.MonkeyPatch,
2025-10-22T18:48:44.0420608Z     ) -> None:
2025-10-22T18:48:44.0420854Z         """Stop failure reports an error without altering registry data."""
2025-10-22T18:48:44.0421200Z         env, state_dir = _prepare_environment(tmp_path)
2025-10-22T18:48:44.0421659Z >       _create_instance(env)
2025-10-22T18:48:44.0421812Z 
2025-10-22T18:48:44.0421887Z tests/test_cli.py:2098: 
2025-10-22T18:48:44.0422110Z _ _ _ _ _ _ _ _ _ _ _ _ _ _ _ _ _ _ _ _ _ _ _ _ _ _ _ _ _ _ _ _ _ _ _ _ _ _ _ _ 
2025-10-22T18:48:44.0422305Z 
2025-10-22T18:48:44.0422646Z env = {'ABSSCTL_CONFIG_FILE': '/tmp/pytest-of-runner/pytest-0/test_instance_stop_systemd_fai0/config.yml', 'ABSSCTL_SKIP_NPM': '1'}
2025-10-22T18:48:44.0423154Z name = 'alpha'
2025-10-22T18:48:44.0423256Z 
2025-10-22T18:48:44.0423425Z     def _create_instance(env: dict[str, str], name: str = "alpha") -> None:
2025-10-22T18:48:44.0423823Z         result = runner.invoke(app, ["instance", "create", name], env=env)
2025-10-22T18:48:44.0424135Z >       assert result.exit_code == 0
2025-10-22T18:48:44.0424364Z E       assert 1 == 0
2025-10-22T18:48:44.0424577Z E        +  where 1 = <Result SystemExit(1)>.exit_code
2025-10-22T18:48:44.0424873Z 
2025-10-22T18:48:44.0424963Z tests/test_cli.py:1695: AssertionError
2025-10-22T18:48:44.0425281Z __________________ test_instance_restart_calls_stop_and_start __________________
2025-10-22T18:48:44.0425522Z 
2025-10-22T18:48:44.0425736Z tmp_path = PosixPath('/tmp/pytest-of-runner/pytest-0/test_instance_restart_calls_st0')
2025-10-22T18:48:44.0426228Z monkeypatch = <_pytest.monkeypatch.MonkeyPatch object at 0x7fd5bbcfd6d0>
2025-10-22T18:48:44.0426493Z 
2025-10-22T18:48:44.0426605Z     def test_instance_restart_calls_stop_and_start(
2025-10-22T18:48:44.0426857Z         tmp_path: Path,
2025-10-22T18:48:44.0427068Z         monkeypatch: pytest.MonkeyPatch,
2025-10-22T18:48:44.0427287Z     ) -> None:
2025-10-22T18:48:44.0427556Z         """Restart delegates to systemd stop then start and sets running status."""
2025-10-22T18:48:44.0427920Z         env, state_dir = _prepare_environment(tmp_path)
2025-10-22T18:48:44.0428182Z >       _create_instance(env)
2025-10-22T18:48:44.0428322Z 
2025-10-22T18:48:44.0428403Z tests/test_cli.py:2132: 
2025-10-22T18:48:44.0428825Z _ _ _ _ _ _ _ _ _ _ _ _ _ _ _ _ _ _ _ _ _ _ _ _ _ _ _ _ _ _ _ _ _ _ _ _ _ _ _ _ 
2025-10-22T18:48:44.0429017Z 
2025-10-22T18:48:44.0429370Z env = {'ABSSCTL_CONFIG_FILE': '/tmp/pytest-of-runner/pytest-0/test_instance_restart_calls_st0/config.yml', 'ABSSCTL_SKIP_NPM': '1'}
2025-10-22T18:48:44.0429847Z name = 'alpha'
2025-10-22T18:48:44.0429951Z 
2025-10-22T18:48:44.0430115Z     def _create_instance(env: dict[str, str], name: str = "alpha") -> None:
2025-10-22T18:48:44.0430503Z         result = runner.invoke(app, ["instance", "create", name], env=env)
2025-10-22T18:48:44.0430815Z >       assert result.exit_code == 0
2025-10-22T18:48:44.0431034Z E       assert 1 == 0
2025-10-22T18:48:44.0431233Z E        +  where 1 = <Result SystemExit(1)>.exit_code
2025-10-22T18:48:44.0431407Z 
2025-10-22T18:48:44.0431499Z tests/test_cli.py:1695: AssertionError
2025-10-22T18:48:44.0431808Z _________________ test_instance_restart_dry_run_skips_changes __________________
2025-10-22T18:48:44.0432063Z 
2025-10-22T18:48:44.0432274Z tmp_path = PosixPath('/tmp/pytest-of-runner/pytest-0/test_instance_restart_dry_run_0')
2025-10-22T18:48:44.0432747Z monkeypatch = <_pytest.monkeypatch.MonkeyPatch object at 0x7fd5bbe8d790>
2025-10-22T18:48:44.0433009Z 
2025-10-22T18:48:44.0433118Z     def test_instance_restart_dry_run_skips_changes(
2025-10-22T18:48:44.0433380Z         tmp_path: Path,
2025-10-22T18:48:44.0433579Z         monkeypatch: pytest.MonkeyPatch,
2025-10-22T18:48:44.0433803Z     ) -> None:
2025-10-22T18:48:44.0434067Z         """Dry-run restart records skipped steps and keeps registry untouched."""
2025-10-22T18:48:44.0434426Z         env, state_dir = _prepare_environment(tmp_path)
2025-10-22T18:48:44.0434688Z >       _create_instance(env)
2025-10-22T18:48:44.0434822Z 
2025-10-22T18:48:44.0434897Z tests/test_cli.py:2165: 
2025-10-22T18:48:44.0435121Z _ _ _ _ _ _ _ _ _ _ _ _ _ _ _ _ _ _ _ _ _ _ _ _ _ _ _ _ _ _ _ _ _ _ _ _ _ _ _ _ 
2025-10-22T18:48:44.0435309Z 
2025-10-22T18:48:44.0435783Z env = {'ABSSCTL_CONFIG_FILE': '/tmp/pytest-of-runner/pytest-0/test_instance_restart_dry_run_0/config.yml', 'ABSSCTL_SKIP_NPM': '1'}
2025-10-22T18:48:44.0436271Z name = 'alpha'
2025-10-22T18:48:44.0436366Z 
2025-10-22T18:48:44.0436537Z     def _create_instance(env: dict[str, str], name: str = "alpha") -> None:
2025-10-22T18:48:44.0436932Z         result = runner.invoke(app, ["instance", "create", name], env=env)
2025-10-22T18:48:44.0437245Z >       assert result.exit_code == 0
2025-10-22T18:48:44.0437459Z E       assert 1 == 0
2025-10-22T18:48:44.0437661Z E        +  where 1 = <Result SystemExit(1)>.exit_code
2025-10-22T18:48:44.0437835Z 
2025-10-22T18:48:44.0437917Z tests/test_cli.py:1695: AssertionError
2025-10-22T18:48:44.0438238Z ____________ test_instance_restart_systemd_failure_preserves_status ____________
2025-10-22T18:48:44.0438491Z 
2025-10-22T18:48:44.0438927Z tmp_path = PosixPath('/tmp/pytest-of-runner/pytest-0/test_instance_restart_systemd_0')
2025-10-22T18:48:44.0439606Z monkeypatch = <_pytest.monkeypatch.MonkeyPatch object at 0x7fd5bbd60550>
2025-10-22T18:48:44.0439874Z 
2025-10-22T18:48:44.0440018Z     def test_instance_restart_systemd_failure_preserves_status(
2025-10-22T18:48:44.0440299Z         tmp_path: Path,
2025-10-22T18:48:44.0440502Z         monkeypatch: pytest.MonkeyPatch,
2025-10-22T18:48:44.0440719Z     ) -> None:
2025-10-22T18:48:44.0440995Z         """Restart surfaces provider errors without mutating registry metadata."""
2025-10-22T18:48:44.0441362Z         env, state_dir = _prepare_environment(tmp_path)
2025-10-22T18:48:44.0441611Z >       _create_instance(env)
2025-10-22T18:48:44.0441745Z 
2025-10-22T18:48:44.0441824Z tests/test_cli.py:2209: 
2025-10-22T18:48:44.0442047Z _ _ _ _ _ _ _ _ _ _ _ _ _ _ _ _ _ _ _ _ _ _ _ _ _ _ _ _ _ _ _ _ _ _ _ _ _ _ _ _ 
2025-10-22T18:48:44.0442235Z 
2025-10-22T18:48:44.0442573Z env = {'ABSSCTL_CONFIG_FILE': '/tmp/pytest-of-runner/pytest-0/test_instance_restart_systemd_0/config.yml', 'ABSSCTL_SKIP_NPM': '1'}
2025-10-22T18:48:44.0443060Z name = 'alpha'
2025-10-22T18:48:44.0443156Z 
2025-10-22T18:48:44.0443323Z     def _create_instance(env: dict[str, str], name: str = "alpha") -> None:
2025-10-22T18:48:44.0443713Z         result = runner.invoke(app, ["instance", "create", name], env=env)
2025-10-22T18:48:44.0444021Z >       assert result.exit_code == 0
2025-10-22T18:48:44.0444239Z E       assert 1 == 0
2025-10-22T18:48:44.0444434Z E        +  where 1 = <Result SystemExit(1)>.exit_code
2025-10-22T18:48:44.0444614Z 
2025-10-22T18:48:44.0444702Z tests/test_cli.py:1695: AssertionError
2025-10-22T18:48:44.0445007Z ____________________ test_instance_delete_removes_registry _____________________
2025-10-22T18:48:44.0445241Z 
2025-10-22T18:48:44.0445445Z tmp_path = PosixPath('/tmp/pytest-of-runner/pytest-0/test_instance_delete_removes_r0')
2025-10-22T18:48:44.0445914Z monkeypatch = <_pytest.monkeypatch.MonkeyPatch object at 0x7fd5bbe63d50>
2025-10-22T18:48:44.0446173Z 
2025-10-22T18:48:44.0446266Z     def test_instance_delete_removes_registry(
2025-10-22T18:48:44.0446513Z         tmp_path: Path,
2025-10-22T18:48:44.0446714Z         monkeypatch: pytest.MonkeyPatch,
2025-10-22T18:48:44.0446939Z     ) -> None:
2025-10-22T18:48:44.0447186Z         """Delete removes provider assets and unregisters the instance."""
2025-10-22T18:48:44.0447552Z         env, state_dir = _prepare_environment(tmp_path)
2025-10-22T18:48:44.0447809Z >       _create_instance(env)
2025-10-22T18:48:44.0447941Z 
2025-10-22T18:48:44.0448012Z tests/test_cli.py:2256: 
2025-10-22T18:48:44.0448232Z _ _ _ _ _ _ _ _ _ _ _ _ _ _ _ _ _ _ _ _ _ _ _ _ _ _ _ _ _ _ _ _ _ _ _ _ _ _ _ _ 
2025-10-22T18:48:44.0448415Z 
2025-10-22T18:48:44.0448966Z env = {'ABSSCTL_CONFIG_FILE': '/tmp/pytest-of-runner/pytest-0/test_instance_delete_removes_r0/config.yml', 'ABSSCTL_SKIP_NPM': '1'}
2025-10-22T18:48:44.0449445Z name = 'alpha'
2025-10-22T18:48:44.0449539Z 
2025-10-22T18:48:44.0449709Z     def _create_instance(env: dict[str, str], name: str = "alpha") -> None:
2025-10-22T18:48:44.0450102Z         result = runner.invoke(app, ["instance", "create", name], env=env)
2025-10-22T18:48:44.0450548Z >       assert result.exit_code == 0
2025-10-22T18:48:44.0450767Z E       assert 1 == 0
2025-10-22T18:48:44.0450972Z E        +  where 1 = <Result SystemExit(1)>.exit_code
2025-10-22T18:48:44.0451146Z 
2025-10-22T18:48:44.0451235Z tests/test_cli.py:1695: AssertionError
2025-10-22T18:48:44.0451542Z ___________________ test_instance_delete_dry_run_keeps_state ___________________
2025-10-22T18:48:44.0451777Z 
2025-10-22T18:48:44.0451988Z tmp_path = PosixPath('/tmp/pytest-of-runner/pytest-0/test_instance_delete_dry_run_k0')
2025-10-22T18:48:44.0452451Z monkeypatch = <_pytest.monkeypatch.MonkeyPatch object at 0x7fd5bc260e10>
2025-10-22T18:48:44.0452713Z 
2025-10-22T18:48:44.0452815Z     def test_instance_delete_dry_run_keeps_state(
2025-10-22T18:48:44.0453064Z         tmp_path: Path,
2025-10-22T18:48:44.0453261Z         monkeypatch: pytest.MonkeyPatch,
2025-10-22T18:48:44.0453485Z     ) -> None:
2025-10-22T18:48:44.0453838Z         """Dry-run delete skips side effects and retains registry/ports."""
2025-10-22T18:48:44.0454176Z         env, state_dir = _prepare_environment(tmp_path)
2025-10-22T18:48:44.0454422Z >       _create_instance(env)
2025-10-22T18:48:44.0454559Z 
2025-10-22T18:48:44.0454629Z tests/test_cli.py:2288: 
2025-10-22T18:48:44.0454843Z _ _ _ _ _ _ _ _ _ _ _ _ _ _ _ _ _ _ _ _ _ _ _ _ _ _ _ _ _ _ _ _ _ _ _ _ _ _ _ _ 
2025-10-22T18:48:44.0455032Z 
2025-10-22T18:48:44.0455372Z env = {'ABSSCTL_CONFIG_FILE': '/tmp/pytest-of-runner/pytest-0/test_instance_delete_dry_run_k0/config.yml', 'ABSSCTL_SKIP_NPM': '1'}
2025-10-22T18:48:44.0455851Z name = 'alpha'
2025-10-22T18:48:44.0455946Z 
2025-10-22T18:48:44.0456105Z     def _create_instance(env: dict[str, str], name: str = "alpha") -> None:
2025-10-22T18:48:44.0456492Z         result = runner.invoke(app, ["instance", "create", name], env=env)
2025-10-22T18:48:44.0456798Z >       assert result.exit_code == 0
2025-10-22T18:48:44.0457020Z E       assert 1 == 0
2025-10-22T18:48:44.0457230Z E        +  where 1 = <Result SystemExit(1)>.exit_code
2025-10-22T18:48:44.0457405Z 
2025-10-22T18:48:44.0457495Z tests/test_cli.py:1695: AssertionError
2025-10-22T18:48:44.0457819Z _____________ test_instance_delete_cleans_files_and_releases_port ______________
2025-10-22T18:48:44.0458065Z 
2025-10-22T18:48:44.0458275Z tmp_path = PosixPath('/tmp/pytest-of-runner/pytest-0/test_instance_delete_cleans_fi0')
2025-10-22T18:48:44.0458919Z monkeypatch = <_pytest.monkeypatch.MonkeyPatch object at 0x7fd5bbe9d450>
2025-10-22T18:48:44.0459183Z 
2025-10-22T18:48:44.0459318Z     def test_instance_delete_cleans_files_and_releases_port(
2025-10-22T18:48:44.0459593Z         tmp_path: Path,
2025-10-22T18:48:44.0459795Z         monkeypatch: pytest.MonkeyPatch,
2025-10-22T18:48:44.0460014Z     ) -> None:
2025-10-22T18:48:44.0460263Z         """Delete removes runtime artifacts and frees the reserved port."""
2025-10-22T18:48:44.0460598Z         env, state_dir = _prepare_environment(tmp_path)
2025-10-22T18:48:44.0460860Z >       _create_instance(env)
2025-10-22T18:48:44.0460991Z 
2025-10-22T18:48:44.0461072Z tests/test_cli.py:2366: 
2025-10-22T18:48:44.0461285Z _ _ _ _ _ _ _ _ _ _ _ _ _ _ _ _ _ _ _ _ _ _ _ _ _ _ _ _ _ _ _ _ _ _ _ _ _ _ _ _ 
2025-10-22T18:48:44.0461473Z 
2025-10-22T18:48:44.0461814Z env = {'ABSSCTL_CONFIG_FILE': '/tmp/pytest-of-runner/pytest-0/test_instance_delete_cleans_fi0/config.yml', 'ABSSCTL_SKIP_NPM': '1'}
2025-10-22T18:48:44.0462286Z name = 'alpha'
2025-10-22T18:48:44.0462390Z 
2025-10-22T18:48:44.0462551Z     def _create_instance(env: dict[str, str], name: str = "alpha") -> None:
2025-10-22T18:48:44.0462938Z         result = runner.invoke(app, ["instance", "create", name], env=env)
2025-10-22T18:48:44.0463252Z >       assert result.exit_code == 0
2025-10-22T18:48:44.0463472Z E       assert 1 == 0
2025-10-22T18:48:44.0463670Z E        +  where 1 = <Result SystemExit(1)>.exit_code
2025-10-22T18:48:44.0463844Z 
2025-10-22T18:48:44.0463935Z tests/test_cli.py:1695: AssertionError
2025-10-22T18:48:44.0464191Z ================================ tests coverage ================================
2025-10-22T18:48:44.0464675Z _______________ coverage: platform linux, python 3.11.13-final-0 _______________
2025-10-22T18:48:44.0464924Z 
2025-10-22T18:48:44.0465087Z Name                                                                                                                 Stmts   Miss Branch BrPart  Cover   Missing
2025-10-22T18:48:44.0465540Z ----------------------------------------------------------------------------------------------------------------------------------------------------------------
2025-10-22T18:48:44.0466258Z /opt/hostedtoolcache/Python/3.11.13/x64/lib/python3.11/site-packages/abssctl/__init__.py                                 6      1      0      0    83%   19
2025-10-22T18:48:44.0467073Z /opt/hostedtoolcache/Python/3.11.13/x64/lib/python3.11/site-packages/abssctl/__main__.py                                 4      4      2      0     0%   2-7
2025-10-22T18:48:44.0468121Z /opt/hostedtoolcache/Python/3.11.13/x64/lib/python3.11/site-packages/abssctl/backups.py                                133     13     34     11    86%   30, 62-65, 67, 84-85, 96, 105->109, 107->106, 115->114, 137->144, 138->137, 145, 196, 207-208
2025-10-22T18:48:44.0472725Z /opt/hostedtoolcache/Python/3.11.13/x64/lib/python3.11/site-packages/abssctl/cli.py                                   2324   1024    692    143    54%   177-180, 185-194, 239, 251, 254, 264, 267, 276->281, 278->277, 283-312, 318, 322, 324, 326, 328, 351, 355, 414, 453, 459, 469->461, 476, 497, 501-513, 515->499, 522, 639, 644-656, 706, 708, 714-723, 789-795, 816, 821->824, 826-830, 841-845, 856, 862, 864-865, 882-883, 886-887, 888->893, 891-892, 899-900, 901->exit, 904-905, 915-918, 931-938, 947-954, 1001, 1053-1056, 1089-1093, 1099-1110, 1161-1162, 1179, 1235-1238, 1266, 1286->1295, 1337-1340, 1344-1349, 1357, 1433-1434, 1442, 1444->1443, 1447, 1465->1480, 1468, 1471, 1510->exit, 1513-1523, 1537-1538, 1541, 1547, 1550, 1565->1576, 1593, 1595->1601, 1601->1607, 1607->1613, 1613->1619, 1615->1619, 1636, 1642-1644, 1648-1650, 1662-1663, 1667-1668, 1677, 1688-1689, 1723, 1726, 1727->1729, 1731-1732, 1742, 1745, 1748->1739, 1770, 1782-1786, 1797-1799, 1802-1803, 1816, 1825, 1838, 1898->1862, 1951-1952, 2055-2057, 2080-2081, 2096-2097, 2109-2110, 2112, 2172-2173, 2197, 2250->2252, 2269->2272, 2304-2313, 2335-2338, 2347-2352, 2367, 2370, 2372, 2374-2380, 2387-2391, 2475->2482, 2523-2598, 2604-2613, 2624-2634, 2648-2689, 2703-2745, 2759-2795, 2809-2845, 2859-2902, 2936-2938, 2960-2980, 3041-3056, 3085-3086, 3093-3095, 3103-3104, 3108-3109, 3119-3120, 3122-3126, 3135, 3141, 3178-3179, 3183->3212, 3186, 3189, 3196, 3199, 3202, 3209->3184, 3233, 3286, 3340-3342, 3345-3346, 3389-3400, 3403, 3413-3421, 3450, 3476-3479, 3482-3487, 3496-3516, 3538-3541, 3554-3573, 3593-3594, 3596-3597, 3607-3610, 3614, 3618-3621, 3631-3637, 3648-3654, 3692-3693, 3695-3696, 3717-3720, 3741->3740, 3746->3744, 3750-3753, 3792-3795, 3801-3804, 3807-3812, 3840, 3844-3850, 3909-3912, 3915-3918, 3922-3925, 3928-3934, 3938-3941, 3960, 3985-3986, 4014, 4052-4053, 4063->4065, 4066, 4087-4143, 4173-4298, 4326-4533, 4561-4700, 4730-5021
2025-10-22T18:48:44.0477475Z /opt/hostedtoolcache/Python/3.11.13/x64/lib/python3.11/site-packages/abssctl/config.py                                 309     45    108     31    81%   255, 295->298, 299->312, 303-304, 313->332, 323-324, 329-330, 333->364, 337-338, 343-344, 355, 357-360, 365->exit, 369-370, 423, 475, 492, 529, 531, 534, 539, 541, 544-549, 555, 565, 567, 570-576, 580, 586, 588, 592
2025-10-22T18:48:44.0478861Z /opt/hostedtoolcache/Python/3.11.13/x64/lib/python3.11/site-packages/abssctl/locking.py                                124      3     14      2    96%   52->58, 102, 146->148, 196-198
2025-10-22T18:48:44.0479869Z /opt/hostedtoolcache/Python/3.11.13/x64/lib/python3.11/site-packages/abssctl/logging.py                                180     31     42     11    80%   44, 49, 64-65, 67->69, 101-102, 129, 136-139, 143, 151-154, 199-214, 224, 276, 325, 356, 360->362, 371-373, 378-380
2025-10-22T18:48:44.0481005Z /opt/hostedtoolcache/Python/3.11.13/x64/lib/python3.11/site-packages/abssctl/ports.py                                   80     11     34     10    82%   26, 28, 37->52, 40, 44, 46, 49-50, 61, 73, 100, 112
2025-10-22T18:48:44.0481987Z /opt/hostedtoolcache/Python/3.11.13/x64/lib/python3.11/site-packages/abssctl/providers/instance_status_provider.py      37     10     20      6    61%   27->50, 29->31, 33, 38-45, 48, 50->52
2025-10-22T18:48:44.0482987Z /opt/hostedtoolcache/Python/3.11.13/x64/lib/python3.11/site-packages/abssctl/providers/nginx.py                        110     13     16      3    86%   80, 118-124, 155-156, 174, 180-181, 197
2025-10-22T18:48:44.0483930Z /opt/hostedtoolcache/Python/3.11.13/x64/lib/python3.11/site-packages/abssctl/providers/systemd.py                       91     13     18      2    84%   105-108, 136-138, 171, 178-183
2025-10-22T18:48:44.0485081Z /opt/hostedtoolcache/Python/3.11.13/x64/lib/python3.11/site-packages/abssctl/providers/version_installer.py            126     13     42     17    82%   60, 64, 100, 112, 132->136, 153, 165-166, 172->175, 176->183, 179->183, 183->186, 205->208, 209->208, 211, 220->223, 224->223, 226, 232, 237, 240-241
2025-10-22T18:48:44.0486405Z /opt/hostedtoolcache/Python/3.11.13/x64/lib/python3.11/site-packages/abssctl/providers/version_provider.py              67     37     20      4    39%   34, 37-39, 45-48, 52-55, 60-61, 64-65, 69-74, 77-94, 100-104
2025-10-22T18:48:44.0487531Z /opt/hostedtoolcache/Python/3.11.13/x64/lib/python3.11/site-packages/abssctl/state/registry.py                         175     14     76     19    86%   110, 114->113, 131, 158, 160->159, 170->179, 178, 180, 189->195, 194, 196, 205->213, 209-212, 219, 235, 246, 250, 263->269, 265->269
2025-10-22T18:48:44.0488407Z ----------------------------------------------------------------------------------------------------------------------------------------------------------------
2025-10-22T18:48:44.0489068Z TOTAL                                                                                                                 3818   1232   1124    259    65%
2025-10-22T18:48:44.0489287Z 
2025-10-22T18:48:44.0489383Z 3 files skipped due to complete coverage.
2025-10-22T18:48:44.1581783Z =========================== short test summary info ============================
2025-10-22T18:48:44.1583175Z FAILED tests/test_cli.py::test_instance_create_acquires_lock - assert 1 == 0
2025-10-22T18:48:44.1583853Z  +  where 1 = <Result SystemExit(1)>.exit_code
2025-10-22T18:48:44.1584574Z FAILED tests/test_cli.py::test_instance_create_no_start_skips_service - assert 1 == 0
2025-10-22T18:48:44.1585293Z  +  where 1 = <Result SystemExit(1)>.exit_code
2025-10-22T18:48:44.1585875Z FAILED tests/test_cli.py::test_instance_env_json - assert 1 == 0
2025-10-22T18:48:44.1586467Z  +  where 1 = <Result SystemExit(1)>.exit_code
2025-10-22T18:48:44.1587120Z FAILED tests/test_cli.py::test_instance_set_fqdn_updates_registry - assert 1 == 0
2025-10-22T18:48:44.1587780Z  +  where 1 = <Result SystemExit(1)>.exit_code
2025-10-22T18:48:44.1588308Z FAILED tests/test_cli.py::test_instance_set_port_updates_registry - assert 1 == 0
2025-10-22T18:48:44.1589064Z  +  where 1 = <Result SystemExit(1)>.exit_code
2025-10-22T18:48:44.1589613Z FAILED tests/test_cli.py::test_instance_set_version_updates_registry - assert 1 == 0
2025-10-22T18:48:44.1590173Z  +  where 1 = <Result SystemExit(1)>.exit_code
2025-10-22T18:48:44.1590726Z FAILED tests/test_cli.py::test_instance_delete_purge_data_removes_root - assert 1 == 0
2025-10-22T18:48:44.1591283Z  +  where 1 = <Result SystemExit(1)>.exit_code
2025-10-22T18:48:44.1591807Z FAILED tests/test_cli.py::test_instance_rename_moves_directories - assert 1 == 0
2025-10-22T18:48:44.1592334Z  +  where 1 = <Result SystemExit(1)>.exit_code
2025-10-22T18:48:44.1592851Z FAILED tests/test_cli.py::test_instance_enable_updates_registry - assert 1 == 0
2025-10-22T18:48:44.1593378Z  +  where 1 = <Result SystemExit(1)>.exit_code
2025-10-22T18:48:44.1593917Z FAILED tests/test_cli.py::test_instance_enable_dry_run_skips_changes - assert 1 == 0
2025-10-22T18:48:44.1594903Z  +  where 1 = <Result SystemExit(1)>.exit_code
2025-10-22T18:48:44.1595912Z FAILED tests/test_cli.py::test_instance_enable_systemd_failure_preserves_registry - assert 1 == 0
2025-10-22T18:48:44.1596850Z  +  where 1 = <Result SystemExit(1)>.exit_code
2025-10-22T18:48:44.1597554Z FAILED tests/test_cli.py::test_instance_disable_updates_registry - assert 1 == 0
2025-10-22T18:48:44.1598268Z  +  where 1 = <Result SystemExit(1)>.exit_code
2025-10-22T18:48:44.1599146Z FAILED tests/test_cli.py::test_instance_disable_dry_run_skips_changes - assert 1 == 0
2025-10-22T18:48:44.1599945Z  +  where 1 = <Result SystemExit(1)>.exit_code
2025-10-22T18:48:44.1600993Z FAILED tests/test_cli.py::test_instance_disable_systemd_failure_preserves_registry - assert 1 == 0
2025-10-22T18:48:44.1602091Z  +  where 1 = <Result SystemExit(1)>.exit_code
2025-10-22T18:48:44.1602763Z FAILED tests/test_cli.py::test_instance_start_updates_status - assert 1 == 0
2025-10-22T18:48:44.1603763Z  +  where 1 = <Result SystemExit(1)>.exit_code
2025-10-22T18:48:44.1604512Z FAILED tests/test_cli.py::test_instance_start_dry_run_skips_changes - assert 1 == 0
2025-10-22T18:48:44.1605240Z  +  where 1 = <Result SystemExit(1)>.exit_code
2025-10-22T18:48:44.1606182Z FAILED tests/test_cli.py::test_instance_start_systemd_failure_preserves_status - assert 1 == 0
2025-10-22T18:48:44.1606901Z  +  where 1 = <Result SystemExit(1)>.exit_code
2025-10-22T18:48:44.1607526Z FAILED tests/test_cli.py::test_instance_stop_updates_status - assert 1 == 0
2025-10-22T18:48:44.1607917Z  +  where 1 = <Result SystemExit(1)>.exit_code
2025-10-22T18:48:44.1608270Z FAILED tests/test_cli.py::test_instance_stop_dry_run_skips_changes - assert 1 == 0
2025-10-22T18:48:44.1608796Z  +  where 1 = <Result SystemExit(1)>.exit_code
2025-10-22T18:48:44.1609198Z FAILED tests/test_cli.py::test_instance_stop_systemd_failure_preserves_status - assert 1 == 0
2025-10-22T18:48:44.1609617Z  +  where 1 = <Result SystemExit(1)>.exit_code
2025-10-22T18:48:44.1609993Z FAILED tests/test_cli.py::test_instance_restart_calls_stop_and_start - assert 1 == 0
2025-10-22T18:48:44.1610371Z  +  where 1 = <Result SystemExit(1)>.exit_code
2025-10-22T18:48:44.1610739Z FAILED tests/test_cli.py::test_instance_restart_dry_run_skips_changes - assert 1 == 0
2025-10-22T18:48:44.1611106Z  +  where 1 = <Result SystemExit(1)>.exit_code
2025-10-22T18:48:44.1611511Z FAILED tests/test_cli.py::test_instance_restart_systemd_failure_preserves_status - assert 1 == 0
2025-10-22T18:48:44.1611914Z  +  where 1 = <Result SystemExit(1)>.exit_code
2025-10-22T18:48:44.1612268Z FAILED tests/test_cli.py::test_instance_delete_removes_registry - assert 1 == 0
2025-10-22T18:48:44.1612623Z  +  where 1 = <Result SystemExit(1)>.exit_code
2025-10-22T18:48:44.1612980Z FAILED tests/test_cli.py::test_instance_delete_dry_run_keeps_state - assert 1 == 0
2025-10-22T18:48:44.1613341Z  +  where 1 = <Result SystemExit(1)>.exit_code
2025-10-22T18:48:44.1613732Z FAILED tests/test_cli.py::test_instance_delete_cleans_files_and_releases_port - assert 1 == 0
2025-10-22T18:48:44.1614132Z  +  where 1 = <Result SystemExit(1)>.exit_code
2025-10-22T18:48:44.1614410Z ======================== 26 failed, 98 passed in 7.01s =========================
2025-10-22T18:48:44.2798157Z ##[error]Process completed with exit code 1.
2025-10-22T18:48:44.2888935Z Post job cleanup.
2025-10-22T18:48:44.3824107Z [command]/usr/bin/git version
2025-10-22T18:48:44.3860745Z git version 2.51.0
2025-10-22T18:48:44.3903783Z Temporarily overriding HOME='/home/runner/work/_temp/d931020e-2864-4573-b7ac-70ba74bed796' before making global git config changes
2025-10-22T18:48:44.3904923Z Adding repository directory to the temporary git global config as a safe directory
2025-10-22T18:48:44.3916190Z [command]/usr/bin/git config --global --add safe.directory /home/runner/work/abssctl/abssctl
2025-10-22T18:48:44.3950260Z [command]/usr/bin/git config --local --name-only --get-regexp core\.sshCommand
2025-10-22T18:48:44.3981702Z [command]/usr/bin/git submodule foreach --recursive sh -c "git config --local --name-only --get-regexp 'core\.sshCommand' && git config --local --unset-all 'core.sshCommand' || :"
2025-10-22T18:48:44.4213034Z [command]/usr/bin/git config --local --name-only --get-regexp http\.https\:\/\/github\.com\/\.extraheader
2025-10-22T18:48:44.4233501Z http.https://github.com/.extraheader
2025-10-22T18:48:44.4246046Z [command]/usr/bin/git config --local --unset-all http.https://github.com/.extraheader
2025-10-22T18:48:44.4278134Z [command]/usr/bin/git submodule foreach --recursive sh -c "git config --local --name-only --get-regexp 'http\.https\:\/\/github\.com\/\.extraheader' && git config --local --unset-all 'http.https://github.com/.extraheader' || :"
2025-10-22T18:48:44.4609443Z Cleaning up orphan processes